Component: ARM Compiler 5.05 update 2 (build 169) Tool: armlink [4d0f33]

==============================================================================

Section Cross References

    main.o(.text) refers to sys.o(.text) for NVIC_Configuration
    main.o(.text) refers to led.o(.text) for Init_LEDpin
    main.o(.text) refers to usart.o(.text) for uart_init
    main.o(.text) refers to adc.o(.text) for Adc_Init
    main.o(.text) refers to delay.o(.text) for delay_init
    main.o(.text) refers to finger.o(.text) for Init_finger
    main.o(.text) refers to timer.o(.text) for TIM3_Init
    main.o(.text) refers to i2c.o(.text) for i2cInit
    main.o(.text) refers to mpu6050.o(.text) for MPU6050_Init
    main.o(.text) refers to stm32f10x_gpio.o(.text) for GPIO_SetBits
    main.o(.text) refers to usart.o(.data) for USART_RX_STA
    main.o(.text) refers to finger.o(.bss) for readbuf
    main.o(.text) refers to usart.o(.bss) for USART_RX_BUF
    main.o(.text) refers to main.o(.data) for Voltage_D
    system_stm32f10x.o(.text) refers to system_stm32f10x.o(.data) for SystemCoreClock
    led.o(.text) refers to stm32f10x_rcc.o(.text) for RCC_APB2PeriphClockCmd
    led.o(.text) refers to stm32f10x_gpio.o(.text) for GPIO_Init
    timer.o(.text) refers to _printf_percent.o(.ARM.Collect$$_printf_percent$$00000000) for _printf_percent
    timer.o(.text) refers to _printf_d.o(.ARM.Collect$$_printf_percent$$00000009) for _printf_d
    timer.o(.text) refers to _printf_dec.o(.text) for _printf_int_dec
    timer.o(.text) refers to stm32f10x_rcc.o(.text) for RCC_APB1PeriphClockCmd
    timer.o(.text) refers to stm32f10x_tim.o(.text) for TIM_TimeBaseInit
    timer.o(.text) refers to misc.o(.text) for NVIC_Init
    timer.o(.text) refers to stm32f10x_gpio.o(.text) for GPIO_Init
    timer.o(.text) refers to noretval__2printf.o(.text) for __2printf
    timer.o(.text) refers to delay.o(.text) for delay_ms
    timer.o(.text) refers to main.o(.data) for Voltage_D
    timer.o(.text) refers to finger.o(.bss) for MPU6050
    timer.o(.text) refers to main.o(.bss) for finger
    adc.o(.text) refers to stm32f10x_rcc.o(.text) for RCC_APB2PeriphClockCmd
    adc.o(.text) refers to stm32f10x_gpio.o(.text) for GPIO_Init
    adc.o(.text) refers to stm32f10x_adc.o(.text) for ADC_DeInit
    adc.o(.text) refers to delay.o(.text) for delay_ms
    i2c.o(.text) refers to stm32f10x_rcc.o(.text) for RCC_APB2PeriphClockCmd
    i2c.o(.text) refers to stm32f10x_gpio.o(.text) for GPIO_Init
    i2c_mpu6050.o(.text) refers to stm32f10x_rcc.o(.text) for RCC_APB1PeriphClockCmd
    i2c_mpu6050.o(.text) refers to stm32f10x_gpio.o(.text) for GPIO_Init
    i2c_mpu6050.o(.text) refers to stm32f10x_i2c.o(.text) for I2C_Cmd
    i2c_mpu6050.o(.text) refers to delay.o(.text) for delay_nms
    mpu6050.o(.text) refers to inv_mpu.o(.text) for mpu_init
    mpu6050.o(.text) refers to inv_mpu_dmp_motion_driver.o(.text) for dmp_load_motion_driver_firmware
    mpu6050.o(.text) refers to fflt_clz.o(x$fpl$fflt) for __aeabi_i2f
    mpu6050.o(.text) refers to fdiv.o(x$fpl$fdiv) for __aeabi_fdiv
    mpu6050.o(.text) refers to fmul.o(x$fpl$fmul) for __aeabi_fmul
    mpu6050.o(.text) refers to faddsub_clz.o(x$fpl$fadd) for __aeabi_fadd
    mpu6050.o(.text) refers to f2d.o(x$fpl$f2d) for __aeabi_f2d
    mpu6050.o(.text) refers to asin.o(i.asin) for asin
    mpu6050.o(.text) refers to dmul.o(x$fpl$dmul) for __aeabi_dmul
    mpu6050.o(.text) refers to d2f.o(x$fpl$d2f) for __aeabi_d2f
    mpu6050.o(.text) refers to faddsub_clz.o(x$fpl$fsub) for __aeabi_fsub
    mpu6050.o(.text) refers to atan2.o(i.atan2) for atan2
    mpu6050.o(.text) refers to mpu6050.o(.data) for gyro_orientation
    mpu6050.o(.text) refers to mpu6050.o(.bss) for quat
    finger.o(.text) refers to stm32f10x_rcc.o(.text) for RCC_APB2PeriphClockCmd
    finger.o(.text) refers to stm32f10x_gpio.o(.text) for GPIO_Init
    finger.o(.text) refers to finger.o(.bss) for readbuf
    finger.o(.text) refers to main.o(.bss) for finger
    finger.o(.text) refers to finger.o(.data) for vt_mode
    finger.o(.text) refers to main.o(.data) for mode
    finger.o(.text) refers to stm32f10x_tim.o(.text) for TIM_SetCompare2
    finger.o(.text) refers to dflt_clz.o(x$fpl$dflt) for __aeabi_i2d
    finger.o(.text) refers to ddiv.o(x$fpl$ddiv) for __aeabi_ddiv
    finger.o(.text) refers to dfixu.o(x$fpl$dfixu) for __aeabi_d2uiz
    finger.o(.text) refers to mpu6050.o(.text) for MPU6050_Pose
    finger.o(.text) refers to ffix.o(x$fpl$ffix) for __aeabi_f2iz
    finger.o(.text) refers to mpu6050.o(.data) for Roll
    finger.o(.text) refers to usart.o(.data) for USART_RX_STA3
    finger.o(.text) refers to usart.o(.bss) for USART_RX_BUF3
    startup_stm32f10x_md.o(STACK) refers (Special) to heapauxi.o(.text) for __use_two_region_memory
    startup_stm32f10x_md.o(HEAP) refers (Special) to heapauxi.o(.text) for __use_two_region_memory
    startup_stm32f10x_md.o(RESET) refers (Special) to heapauxi.o(.text) for __use_two_region_memory
[...]
    .text                                    0x080065d8   Section        0  _printf_dec.o(.text)
    .text                                    0x08006650   Section        0  memcmp.o(.text)
    .text                                    0x080066a8   Section       16  aeabi_memset.o(.text)
    .text                                    0x080066b8   Section        0  heapauxi.o(.text)
    .text                                    0x080066be   Section        2  use_no_semi.o(.text)
    .text                                    0x080066c0   Section      238  lludivv7m.o(.text)
    .text                                    0x080067ae   Section        0  _rserrno.o(.text)
    .text                                    0x080067c4   Section        0  _printf_intcommon.o(.text)
    .text                                    0x08006878   Section        0  _printf_char_file.o(.text)
    .text                                    0x0800689c   Section       68  rt_memclr.o(.text)
    .text                                    0x080068e0   Section        8  rt_errno_addr_intlibspace.o(.text)
    .text                                    0x080068e8   Section        0  _printf_char_common.o(.text)
    _printf_input_char                       0x080068e9   Thumb Code    10  _printf_char_common.o(.text)
    .text                                    0x08006918   Section        0  ferror.o(.text)
    .text                                    0x08006920   Section       78  rt_memclr_w.o(.text)
    .text                                    0x08006970   Section        8  libspace.o(.text)
    .text                                    0x08006978   Section       74  sys_stackheap_outer.o(.text)
    .text                                    0x080069c2   Section        0  exit.o(.text)
    i.__ARM_fpclassify                       0x080069ce   Section        0  fpclassify.o(i.__ARM_fpclassify)
    i.__kernel_poly                          0x080069f6   Section        0  poly.o(i.__kernel_poly)
    i.__mathlib_dbl_infnan                   0x08006aa0   Section        0  dunder.o(i.__mathlib_dbl_infnan)
    i.__mathlib_dbl_infnan2                  0x08006aa6   Section        0  dunder.o(i.__mathlib_dbl_infnan2)
    i.__mathlib_dbl_invalid                  0x08006aaa   Section        0  dunder.o(i.__mathlib_dbl_invalid)
    i.__mathlib_dbl_underflow                0x08006ab8   Section        0  dunder.o(i.__mathlib_dbl_underflow)
    i.asin                                   0x08006ac8   Section        0  asin.o(i.asin)
    i.atan                                   0x08006d38   Section        0  atan.o(i.atan)
    i.atan2                                  0x08006f58   Section        0  atan2.o(i.atan2)
    i.sqrt                                   0x080070d8   Section        0  sqrt.o(i.sqrt)
    x$fpl$d2f                                0x08007124   Section       98  d2f.o(x$fpl$d2f)
    x$fpl$dadd                               0x08007188   Section      336  daddsub_clz.o(x$fpl$dadd)
    _dadd1                                   0x08007199   Thumb Code     0  daddsub_clz.o(x$fpl$dadd)
    x$fpl$dcheck1                            0x080072d8   Section       16  dcheck1.o(x$fpl$dcheck1)
    x$fpl$ddiv                               0x080072e8   Section      688  ddiv.o(x$fpl$ddiv)
    ddiv_entry                               0x080072ef   Thumb Code     0  ddiv.o(x$fpl$ddiv)
    x$fpl$dfixu                              0x08007598   Section       90  dfixu.o(x$fpl$dfixu)
    x$fpl$dflt                               0x080075f2   Section       46  dflt_clz.o(x$fpl$dflt)
    x$fpl$dmul                               0x08007620   Section      340  dmul.o(x$fpl$dmul)
    x$fpl$dnaninf                            0x08007774   Section      156  dnaninf.o(x$fpl$dnaninf)
    x$fpl$dretinf                            0x08007810   Section       12  dretinf.o(x$fpl$dretinf)
    x$fpl$drsb                               0x0800781c   Section       22  daddsub_clz.o(x$fpl$drsb)
    x$fpl$dsqrt                              0x08007834   Section      460  dsqrt_noumaal.o(x$fpl$dsqrt)
    x$fpl$dsub                               0x08007a00   Section      468  daddsub_clz.o(x$fpl$dsub)
    _dsub1                                   0x08007a11   Thumb Code     0  daddsub_clz.o(x$fpl$dsub)
    x$fpl$f2d                                0x08007bd4   Section       86  f2d.o(x$fpl$f2d)
    x$fpl$fadd                               0x08007c2c   Section      196  faddsub_clz.o(x$fpl$fadd)
    _fadd1                                   0x08007c3b   Thumb Code     0  faddsub_clz.o(x$fpl$fadd)
    x$fpl$fcmpinf                            0x08007cf0   Section       24  fcmpi.o(x$fpl$fcmpinf)
    x$fpl$fdiv                               0x08007d08   Section      388  fdiv.o(x$fpl$fdiv)
    _fdiv1                                   0x08007d09   Thumb Code     0  fdiv.o(x$fpl$fdiv)
    x$fpl$feqf                               0x08007e8c   Section      104  feqf.o(x$fpl$feqf)
    x$fpl$ffix                               0x08007ef4   Section       54  ffix.o(x$fpl$ffix)
    x$fpl$ffixu                              0x08007f2c   Section       62  ffixu.o(x$fpl$ffixu)
    x$fpl$fflt                               0x08007f6c   Section       48  fflt_clz.o(x$fpl$fflt)
    x$fpl$ffltu                              0x08007f9c   Section       38  fflt_clz.o(x$fpl$ffltu)
    x$fpl$fleqf                              0x08007fc4   Section      104  fleqf.o(x$fpl$fleqf)
    x$fpl$fmul                               0x0800802c   Section      258  fmul.o(x$fpl$fmul)
    x$fpl$fnaninf                            0x0800812e   Section      140  fnaninf.o(x$fpl$fnaninf)
    x$fpl$fretinf                            0x080081ba   Section       10  fretinf.o(x$fpl$fretinf)
    x$fpl$frleqf                             0x080081c4   Section       98  frleqf.o(x$fpl$frleqf)
    x$fpl$fsub                               0x08008228   Section      234  faddsub_clz.o(x$fpl$fsub)
    _fsub1                                   0x08008237   Thumb Code     0  faddsub_clz.o(x$fpl$fsub)
    x$fpl$retnan                             0x08008312   Section      100  retnan.o(x$fpl$retnan)
    x$fpl$scalbn                             0x08008376   Section       92  scalbn.o(x$fpl$scalbn)
    x$fpl$trapveneer                         0x080083d2   Section       48  trapv.o(x$fpl$trapveneer)
    x$fpl$usenofp                            0x08008402   Section        0  usenofp.o(x$fpl$usenofp)
    .constdata                               0x08008404   Section       80  inv_mpu.o(.constdata)
    .constdata                               0x08008454   Section     3062  inv_mpu_dmp_motion_driver.o(.constdata)
    dmp_memory                               0x08008454   Data        3062  inv_mpu_dmp_motion_driver.o(.constdata)
    .constdata                               0x08009050   Section       80  asin.o(.constdata)
    pS                                       0x08009050   Data          48  asin.o(.constdata)
    qS                                       0x08009080   Data          32  asin.o(.constdata)
    .constdata                               0x080090a0   Section      152  atan.o(.constdata)
    atanhi                                   0x080090a0   Data          32  atan.o(.constdata)
    atanlo                                   0x080090c0   Data          32  atan.o(.constdata)
    aTodd                                    0x080090e0   Data          40  atan.o(.constdata)
    aTeven                                   0x08009108   Data          48  atan.o(.constdata)
    .constdata                               0x08009138   Section        8  qnan.o(.constdata)
    .data                                    0x20000000   Section       32  main.o(.data)
    .data                                    0x20000020   Section       20  system_stm32f10x.o(.data)
    .data                                    0x20000034   Section       59  mpu6050.o(.data)
    gyro_orientation                         0x20000034   Data           9  mpu6050.o(.data)
    .data                                    0x20000070   Section        4  finger.o(.data)
    .data                                    0x20000074   Section       20  stm32f10x_rcc.o(.data)
    APBAHBPrescTable                         0x20000074   Data          16  stm32f10x_rcc.o(.data)
    ADCPrescTable                            0x20000084   Data           4  stm32f10x_rcc.o(.data)
    .data                                    0x20000088   Section        4  delay.o(.data)
    fac_us                                   0x20000088   Data           1  delay.o(.data)
    fac_ms                                   0x2000008a   Data           2  delay.o(.data)
    .data                                    0x2000008c   Section        8  usart.o(.data)
    .data                                    0x20000094   Section       44  inv_mpu.o(.data)
    st                                       0x20000094   Data          44  inv_mpu.o(.data)
    .bss                                     0x200000c0   Section       20  main.o(.bss)
    .bss                                     0x200000d4   Section       16  mpu6050.o(.bss)
    .bss                                     0x200000e4   Section       84  finger.o(.bss)
    .bss                                     0x20000138   Section      400  usart.o(.bss)
    .bss                                     0x200002c8   Section       16  inv_mpu_dmp_motion_driver.o(.bss)
    dmp                                      0x200002c8   Data          16  inv_mpu_dmp_motion_driver.o(.bss)
    .bss                                     0x200002d8   Section       96  libspace.o(.bss)
    HEAP                                     0x20000338   Section      512  startup_stm32f10x_md.o(HEAP)
    Heap_Mem                                 0x20000338   Data         512  startup_stm32f10x_md.o(HEAP)
    STACK                                    0x20000538   Section     1024  startup_stm32f10x_md.o(STACK)
    Stack_Mem                                0x20000538   Data        1024  startup_stm32f10x_md.o(STACK)
    __initial_sp                             0x20000938   Data           0  startup_stm32f10x_md.o(STACK)

    Global Symbols

    Symbol Name                              Value     Ov Type        Size  Object(Section)

    BuildAttributes$$THM_ISAv4$P$D$K$B$S$PE$A:L22UL41UL21$X:L11$S22US41US21$IEEE1$IW$USESV6$~STKCKD$USESV7$~SHL$OTIME$ROPI$IEEEX$EBA8$UX$STANDARDLIB$REQ8$PRES8$EABIv2 0x00000000   Number         0  anon$$obj.o ABSOLUTE
    __ARM_use_no_argv                        0x00000000   Number         0  main.o ABSOLUTE
    __ARM_exceptions_init                     - Undefined Weak Reference
    __alloca_initialize                       - Undefined Weak Reference
    __arm_preinit_                            - Undefined Weak Reference
    __cpp_initialize__aeabi_                  - Undefined Weak Reference
    __cxa_finalize                            - Undefined Weak Reference
    __rt_locale                               - Undefined Weak Reference
    __sigvec_lookup                           - Undefined Weak Reference
    _atexit_init                              - Undefined Weak Reference
    _call_atexit_fns                          - Undefined Weak Reference
    _clock_init                               - Undefined Weak Reference
    _fp_trap_init                             - Undefined Weak Reference
    _fp_trap_shutdown                         - Undefined Weak Reference
    _get_lc_collate                           - Undefined Weak Reference
    _get_lc_ctype                             - Undefined Weak Reference
    _get_lc_monetary                          - Undefined Weak Reference
    _get_lc_numeric                           - Undefined Weak Reference
    _get_lc_time                              - Undefined Weak Reference
    _getenv_init                              - Undefined Weak Reference
    _handle_redirection                       - Undefined Weak Reference
    _init_alloc                               - Undefined Weak Reference
    _init_user_alloc                          - Undefined Weak Reference
    _initio                                   - Undefined Weak Reference
    _mutex_acquire                            - Undefined Weak Reference
    _mutex_release                            - Undefined Weak Reference
    _printf_post_padding                      - Undefined Weak Reference
    _printf_pre_padding                       - Undefined Weak Reference
    _printf_truncate_signed                   - Undefined Weak Reference
    _printf_truncate_unsigned                 - Undefined Weak Reference
    _rand_init                                - Undefined Weak Reference
    _signal_finish                            - Undefined Weak Reference
    _signal_init                              - Undefined Weak Reference
    _terminate_alloc                          - Undefined Weak Reference
    _terminate_user_alloc                     - Undefined Weak Reference
    _terminateio                              - Undefined Weak Reference
    __Vectors_Size                           0x000000ec   Number         0  startup_stm32f10x_md.o ABSOLUTE
    __Vectors                                0x08000000   Data           4  startup_stm32f10x_md.o(RESET)
    __Vectors_End                            0x080000ec   Data           0  startup_stm32f10x_md.o(RESET)
    __main                                   0x080000ed   Thumb Code     8  __main.o(!!!main)
    __scatterload                            0x080000f5   Thumb Code     0  __scatter.o(!!!scatter)
    __scatterload_rt2                        0x080000f5   Thumb Code    44  __scatter.o(!!!scatter)
    __scatterload_rt2_thumb_only             0x080000f5   Thumb Code     0  __scatter.o(!!!scatter)
    __scatterload_null                       0x08000103   Thumb Code     0  __scatter.o(!!!scatter)
    __scatterload_copy                       0x08000129   Thumb Code    26  __scatter_copy.o(!!handler_copy)
    __scatterload_zeroinit                   0x08000145   Thumb Code    28  __scatter_zi.o(!!handler_zi)
    _printf_d                                0x08000161   Thumb Code     0  _printf_d.o(.ARM.Collect$$_printf_percent$$00000009)
    _printf_percent                          0x08000161   Thumb Code     0  _printf_percent.o(.ARM.Collect$$_printf_percent$$00000000)
    _printf_percent_end                      0x08000167   Thumb Code     0  _printf_percent_end.o(.ARM.Collect$$_printf_percent$$00000017)
    __rt_lib_init                            0x0800016b   Thumb Code     0  libinit.o(.ARM.Collect$$libinit$$00000000)
    __rt_lib_init_alloca_1                   0x0800016d   Thumb Code     0  libinit2.o(.ARM.Collect$$libinit$$0000002E)
    __rt_lib_init_argv_1                     0x0800016d   Thumb Code     0  libinit2.o(.ARM.Collect$$libinit$$0000002C)
    __rt_lib_init_atexit_1                   0x0800016d   Thumb Code     0  libinit2.o(.ARM.Collect$$libinit$$0000001B)
    __rt_lib_init_clock_1                    0x0800016d   Thumb Code     0  libinit2.o(.ARM.Collect$$libinit$$00000021)
    __rt_lib_init_cpp_1                      0x0800016d   Thumb Code     0  libinit2.o(.ARM.Collect$$libinit$$00000032)
    __rt_lib_init_exceptions_1               0x0800016d   Thumb Code     0  libinit2.o(.ARM.Collect$$libinit$$00000030)
    __rt_lib_init_fp_1                       0x0800016d   Thumb Code     0  libinit2.o(.ARM.Collect$$libinit$$00000002)
    __rt_lib_init_fp_trap_1                  0x0800016d   Thumb Code     0  libinit2.o(.ARM.Collect$$libinit$$0000001F)
    __rt_lib_init_getenv_1                   0x0800016d   Thumb Code     0  libinit2.o(.ARM.Collect$$libinit$$00000023)
    __rt_lib_init_heap_1                     0x0800016d   Thumb Code     0  libinit2.o(.ARM.Collect$$libinit$$0000000A)
    __rt_lib_init_lc_collate_1               0x0800016d   Thumb Code     0  libinit2.o(.ARM.Collect$$libinit$$00000011)
    __rt_lib_init_lc_ctype_1                 0x0800016d   Thumb Code     0  libinit2.o(.ARM.Collect$$libinit$$00000013)
    __rt_lib_init_lc_monetary_1              0x0800016d   Thumb Code     0  libinit2.o(.ARM.Collect$$libinit$$00000015)
    __rt_lib_init_lc_numeric_1               0x0800016d   Thumb Code     0  libinit2.o(.ARM.Collect$$libinit$$00000017)
    __rt_lib_init_lc_time_1                  0x0800016d   Thumb Code     0  libinit2.o(.ARM.Collect$$libinit$$00000019)
    __rt_lib_init_preinit_1                  0x0800016d   Thumb Code     0  libinit2.o(.ARM.Collect$$libinit$$00000004)
    __rt_lib_init_rand_1                     0x0800016d   Thumb Code     0  libinit2.o(.ARM.Collect$$libinit$$0000000E)
    __rt_lib_init_return                     0x0800016d   Thumb Code     0  libinit2.o(.ARM.Collect$$libinit$$00000033)
    __rt_lib_init_signal_1                   0x0800016d   Thumb Code     0  libinit2.o(.ARM.Collect$$libinit$$0000001D)
    __rt_lib_init_stdio_1                    0x0800016d   Thumb Code     0  libinit2.o(.ARM.Collect$$libinit$$00000025)
    __rt_lib_init_user_alloc_1               0x0800016d   Thumb Code     0  libinit2.o(.ARM.Collect$$libinit$$0000000C)
    __rt_lib_shutdown                        0x0800016f   Thumb Code     0  libshutdown.o(.ARM.Collect$$libshutdown$$00000000)
    __rt_lib_shutdown_fp_trap_1              0x08000171   Thumb Code     0  libshutdown2.o(.ARM.Collect$$libshutdown$$00000006)
    __rt_lib_shutdown_heap_1                 0x08000171   Thumb Code     0  libshutdown2.o(.ARM.Collect$$libshutdown$$0000000E)
    __rt_lib_shutdown_return                 0x08000171   Thumb Code     0  libshutdown2.o(.ARM.Collect$$libshutdown$$0000000F)
    __rt_lib_shutdown_signal_1               0x08000171   Thumb Code     0  libshutdown2.o(.ARM.Collect$$libshutdown$$00000009)
    __rt_lib_shutdown_stdio_1                0x08000171   Thumb Code     0  libshutdown2.o(.ARM.Collect$$libshutdown$$00000003)
    __rt_lib_shutdown_user_alloc_1           0x08000171   Thumb Code     0  libshutdown2.o(.ARM.Collect$$libshutdown$$0000000B)
    __rt_entry                               0x08000173   Thumb Code     0  __rtentry.o(.ARM.Collect$$rtentry$$00000000)
    __rt_entry_presh_1                       0x08000173   Thumb Code     0  __rtentry2.o(.ARM.Collect$$rtentry$$00000002)
    __rt_entry_sh                            0x08000173   Thumb Code     0  __rtentry4.o(.ARM.Collect$$rtentry$$00000004)
    __rt_entry_li                            0x08000179   Thumb Code     0  __rtentry2.o(.ARM.Collect$$rtentry$$0000000A)
    __rt_entry_postsh_1                      0x08000179   Thumb Code     0  __rtentry2.o(.ARM.Collect$$rtentry$$00000009)
    __rt_entry_main                          0x0800017d   Thumb Code     0  __rtentry2.o(.ARM.Collect$$rtentry$$0000000D)
    __rt_entry_postli_1                      0x0800017d   Thumb Code     0  __rtentry2.o(.ARM.Collect$$rtentry$$0000000C)
    __rt_exit                                0x08000185   Thumb Code     0  rtexit.o(.ARM.Collect$$rtexit$$00000000)
    __rt_exit_ls                             0x08000187   Thumb Code     0  rtexit2.o(.ARM.Collect$$rtexit$$00000003)
    __rt_exit_prels_1                        0x08000187   Thumb Code     0  rtexit2.o(.ARM.Collect$$rtexit$$00000002)
    __rt_exit_exit                           0x0800018b   Thumb Code     0  rtexit2.o(.ARM.Collect$$rtexit$$00000004)
    main                                     0x08000191   Thumb Code   214  main.o(.text)
    NMI_Handler                              0x08000285   Thumb Code     2  stm32f10x_it.o(.text)
    HardFault_Handler                        0x08000287   Thumb Code     4  stm32f10x_it.o(.text)
    MemManage_Handler                        0x0800028b   Thumb Code     4  stm32f10x_it.o(.text)
    BusFault_Handler                         0x0800028f   Thumb Code     4  stm32f10x_it.o(.text)
    UsageFault_Handler                       0x08000293   Thumb Code     4  stm32f10x_it.o(.text)
    SVC_Handler                              0x08000297   Thumb Code     2  stm32f10x_it.o(.text)
    DebugMon_Handler                         0x08000299   Thumb Code     2  stm32f10x_it.o(.text)
    PendSV_Handler                           0x0800029b   Thumb Code     2  stm32f10x_it.o(.text)
    SystemInit                               0x0800037b   Thumb Code    78  system_stm32f10x.o(.text)
    SystemCoreClockUpdate                    0x080003c9   Thumb Code   142  system_stm32f10x.o(.text)
    Init_LEDpin                              0x0800047d   Thumb Code    50  led.o(.text)
    TIM3_Init                                0x080004b5   Thumb Code    90  timer.o(.text)
    TIM4_PWM_Init                            0x0800050f   Thumb Code   170  timer.o(.text)
    TIM3_IRQHandler                          0x080005b9   Thumb Code   104  timer.o(.text)
    Adc_Init                                 0x08000651   Thumb Code   132  adc.o(.text)
    Get_Adc                                  0x080006d5   Thumb Code    46  adc.o(.text)
    Get_Adc_Average                          0x08000703   Thumb Code    46  adc.o(.text)
    i2cInit                                  0x08000951   Thumb Code    42  i2c.o(.text)
    i2cWriteBuffer                           0x0800097b   Thumb Code   100  i2c.o(.text)
    i2cwrite                                 0x080009df   Thumb Code    38  i2c.o(.text)
    i2cRead                                  0x08000a05   Thumb Code   120  i2c.o(.text)
    i2cread                                  0x08000a7d   Thumb Code    38  i2c.o(.text)
    i2cWrite                                 0x08000aa3   Thumb Code    72  i2c.o(.text)
    i2cGetErrorCounter                       0x08000aeb   Thumb Code     4  i2c.o(.text)
    MPU6050_Init                             0x08000af5   Thumb Code    72  mpu6050.o(.text)
    MPU6050_Pose                             0x08000b3d   Thumb Code   568  mpu6050.o(.text)
    Init_finger                              0x08000db1   Thumb Code   160  finger.o(.text)
    finger_read                              0x08000e51   Thumb Code   816  finger.o(.text)
    motorcontrol                             0x08001181   Thumb Code   246  finger.o(.text)
    all_switch                               0x08001277   Thumb Code    90  finger.o(.text)
    Scan_MPU6050                             0x080012d1   Thumb Code   504  finger.o(.text)
    finger_pose                              0x080014c9   Thumb Code   360  finger.o(.text)
    Reset_Handler                            0x08001631   Thumb Code     8  startup_stm32f10x_md.o(.text)
    SysTick_Handler                          0x08001649   Thumb Code     2  startup_stm32f10x_md.o(.text)
    ADC1_2_IRQHandler                        0x0800164b   Thumb Code     0  startup_stm32f10x_md.o(.text)
    CAN1_RX1_IRQHandler                      0x0800164b   Thumb Code     0  startup_stm32f10x_md.o(.text)
    CAN1_SCE_IRQHandler                      0x0800164b   Thumb Code     0  startup_stm32f10x_md.o(.text)
    DMA1_Channel1_IRQHandler                 0x0800164b   Thumb Code     0  startup_stm32f10x_md.o(.text)
    DMA1_Channel2_IRQHandler                 0x0800164b   Thumb Code     0  startup_stm32f10x_md.o(.text)
    DMA1_Channel3_IRQHandler                 0x0800164b   Thumb Code     0  startup_stm32f10x_md.o(.text)
    DMA1_Channel4_IRQHandler                 0x0800164b   Thumb Code     0  startup_stm32f10x_md.o(.text)
    DMA1_Channel5_IRQHandler                 0x0800164b   Thumb Code     0  startup_stm32f10x_md.o(.text)
    DMA1_Channel6_IRQHandler                 0x0800164b   Thumb Code     0  startup_stm32f10x_md.o(.text)
    DMA1_Channel7_IRQHandler                 0x0800164b   Thumb Code     0  startup_stm32f10x_md.o(.text)
    EXTI0_IRQHandler                         0x0800164b   Thumb Code     0  startup_stm32f10x_md.o(.text)
    EXTI15_10_IRQHandler                     0x0800164b   Thumb Code     0  startup_stm32f10x_md.o(.text)
    EXTI1_IRQHandler                         0x0800164b   Thumb Code     0  startup_stm32f10x_md.o(.text)
    EXTI2_IRQHandler                         0x0800164b   Thumb Code     0  startup_stm32f10x_md.o(.text)
    EXTI3_IRQHandler                         0x0800164b   Thumb Code     0  startup_stm32f10x_md.o(.text)
    EXTI4_IRQHandler                         0x0800164b   Thumb Code     0  startup_stm32f10x_md.o(.text)
    EXTI9_5_IRQHandler                       0x0800164b   Thumb Code     0  startup_stm32f10x_md.o(.text)
    FLASH_IRQHandler                         0x0800164b   Thumb Code     0  startup_stm32f10x_md.o(.text)
    I2C1_ER_IRQHandler                       0x0800164b   Thumb Code     0  startup_stm32f10x_md.o(.text)
    I2C1_EV_IRQHandler                       0x0800164b   Thumb Code     0  startup_stm32f10x_md.o(.text)
    I2C2_ER_IRQHandler                       0x0800164b   Thumb Code     0  startup_stm32f10x_md.o(.text)
    I2C2_EV_IRQHandler                       0x0800164b   Thumb Code     0  startup_stm32f10x_md.o(.text)
    PVD_IRQHandler                           0x0800164b   Thumb Code     0  startup_stm32f10x_md.o(.text)
    RCC_IRQHandler                           0x0800164b   Thumb Code     0  startup_stm32f10x_md.o(.text)
    RTCAlarm_IRQHandler                      0x0800164b   Thumb Code     0  startup_stm32f10x_md.o(.text)
    RTC_IRQHandler                           0x0800164b   Thumb Code     0  startup_stm32f10x_md.o(.text)
    SPI1_IRQHandler                          0x0800164b   Thumb Code     0  startup_stm32f10x_md.o(.text)
    SPI2_IRQHandler                          0x0800164b   Thumb Code     0  startup_stm32f10x_md.o(.text)
    TAMPER_IRQHandler                        0x0800164b   Thumb Code     0  startup_stm32f10x_md.o(.text)
    TIM1_BRK_IRQHandler                      0x0800164b   Thumb Code     0  startup_stm32f10x_md.o(.text)
    TIM1_CC_IRQHandler                       0x0800164b   Thumb Code     0  startup_stm32f10x_md.o(.text)
    TIM1_TRG_COM_IRQHandler                  0x0800164b   Thumb Code     0  startup_stm32f10x_md.o(.text)
    TIM1_UP_IRQHandler                       0x0800164b   Thumb Code     0  startup_stm32f10x_md.o(.text)
    TIM2_IRQHandler                          0x0800164b   Thumb Code     0  startup_stm32f10x_md.o(.text)
    TIM4_IRQHandler                          0x0800164b   Thumb Code     0  startup_stm32f10x_md.o(.text)
    USART2_IRQHandler                        0x0800164b   Thumb Code     0  startup_stm32f10x_md.o(.text)
    USBWakeUp_IRQHandler                     0x0800164b   Thumb Code     0  startup_stm32f10x_md.o(.text)
    USB_HP_CAN1_TX_IRQHandler                0x0800164b   Thumb Code     0  startup_stm32f10x_md.o(.text)
    USB_LP_CAN1_RX0_IRQHandler               0x0800164b   Thumb Code     0  startup_stm32f10x_md.o(.text)
    WWDG_IRQHandler                          0x0800164b   Thumb Code     0  startup_stm32f10x_md.o(.text)
    __user_initial_stackheap                 0x0800164d   Thumb Code     0  startup_stm32f10x_md.o(.text)
    NVIC_PriorityGroupConfig                 0x08001671   Thumb Code    10  misc.o(.text)
    NVIC_Init                                0x0800167b   Thumb Code   100  misc.o(.text)
    NVIC_SetVectorTable                      0x080016df   Thumb Code    14  misc.o(.text)
    NVIC_SystemLPConfig                      0x080016ed   Thumb Code    34  misc.o(.text)
    SysTick_CLKSourceConfig                  0x0800170f   Thumb Code    40  misc.o(.text)
    GPIO_DeInit                              0x0800174d   Thumb Code   172  stm32f10x_gpio.o(.text)
    GPIO_AFIODeInit                          0x080017f9   Thumb Code    20  stm32f10x_gpio.o(.text)
    GPIO_Init                                0x0800180d   Thumb Code   278  stm32f10x_gpio.o(.text)
    GPIO_StructInit                          0x08001923   Thumb Code    16  stm32f10x_gpio.o(.text)
    GPIO_ReadInputDataBit                    0x08001933   Thumb Code    18  stm32f10x_gpio.o(.text)
    GPIO_ReadInputData                       0x08001945   Thumb Code     8  stm32f10x_gpio.o(.text)
    GPIO_ReadOutputDataBit                   0x0800194d   Thumb Code    18  stm32f10x_gpio.o(.text)
    GPIO_ReadOutputData                      0x0800195f   Thumb Code     8  stm32f10x_gpio.o(.text)
    GPIO_SetBits                             0x08001967   Thumb Code     4  stm32f10x_gpio.o(.text)
    GPIO_ResetBits                           0x0800196b   Thumb Code     4  stm32f10x_gpio.o(.text)
    GPIO_WriteBit                            0x0800196f   Thumb Code    10  stm32f10x_gpio.o(.text)
    GPIO_Write                               0x08001979   Thumb Code     4  stm32f10x_gpio.o(.text)
    GPIO_PinLockConfig                       0x0800197d   Thumb Code    18  stm32f10x_gpio.o(.text)
    GPIO_EventOutputConfig                   0x0800198f   Thumb Code    26  stm32f10x_gpio.o(.text)
    GPIO_EventOutputCmd                      0x080019a9   Thumb Code     6  stm32f10x_gpio.o(.text)
    GPIO_PinRemapConfig                      0x080019af   Thumb Code   138  stm32f10x_gpio.o(.text)
    GPIO_EXTILineConfig                      0x08001a39   Thumb Code    66  stm32f10x_gpio.o(.text)
    GPIO_ETH_MediaInterfaceConfig            0x08001a7b   Thumb Code     8  stm32f10x_gpio.o(.text)
    RCC_DeInit                               0x08001aa9   Thumb Code    64  stm32f10x_rcc.o(.text)
    RCC_HSEConfig                            0x08001ae9   Thumb Code    70  stm32f10x_rcc.o(.text)
    RCC_GetFlagStatus                        0x08001b2f   Thumb Code    56  stm32f10x_rcc.o(.text)
    RCC_WaitForHSEStartUp                    0x08001b67   Thumb Code    56  stm32f10x_rcc.o(.text)
    RCC_AdjustHSICalibrationValue            0x08001b9f   Thumb Code    20  stm32f10x_rcc.o(.text)
    RCC_HSICmd                               0x08001bb3   Thumb Code     6  stm32f10x_rcc.o(.text)
    RCC_PLLConfig                            0x08001bb9   Thumb Code    24  stm32f10x_rcc.o(.text)
    RCC_PLLCmd                               0x08001bd1   Thumb Code     6  stm32f10x_rcc.o(.text)
    RCC_SYSCLKConfig                         0x08001bd7   Thumb Code    18  stm32f10x_rcc.o(.text)
    RCC_GetSYSCLKSource                      0x08001be9   Thumb Code    10  stm32f10x_rcc.o(.text)
    RCC_HCLKConfig                           0x08001bf3   Thumb Code    18  stm32f10x_rcc.o(.text)
    RCC_PCLK1Config                          0x08001c05   Thumb Code    18  stm32f10x_rcc.o(.text)
    RCC_PCLK2Config                          0x08001c17   Thumb Code    20  stm32f10x_rcc.o(.text)
    RCC_ITConfig                             0x08001c2b   Thumb Code    26  stm32f10x_rcc.o(.text)
    RCC_USBCLKConfig                         0x08001c45   Thumb Code     8  stm32f10x_rcc.o(.text)
    RCC_ADCCLKConfig                         0x08001c4d   Thumb Code    18  stm32f10x_rcc.o(.text)
    RCC_LSEConfig                            0x08001c5f   Thumb Code    50  stm32f10x_rcc.o(.text)
    RCC_LSICmd                               0x08001c91   Thumb Code     6  stm32f10x_rcc.o(.text)
    RCC_RTCCLKConfig                         0x08001c97   Thumb Code    12  stm32f10x_rcc.o(.text)
    RCC_RTCCLKCmd                            0x08001ca3   Thumb Code     8  stm32f10x_rcc.o(.text)
    RCC_GetClocksFreq                        0x08001cab   Thumb Code   192  stm32f10x_rcc.o(.text)
    RCC_AHBPeriphClockCmd                    0x08001d6b   Thumb Code    26  stm32f10x_rcc.o(.text)
    RCC_APB2PeriphClockCmd                   0x08001d85   Thumb Code    26  stm32f10x_rcc.o(.text)
    RCC_APB1PeriphClockCmd                   0x08001d9f   Thumb Code    26  stm32f10x_rcc.o(.text)
    RCC_APB2PeriphResetCmd                   0x08001db9   Thumb Code    26  stm32f10x_rcc.o(.text)
    RCC_APB1PeriphResetCmd                   0x08001dd3   Thumb Code    26  stm32f10x_rcc.o(.text)
    RCC_BackupResetCmd                       0x08001ded   Thumb Code     8  stm32f10x_rcc.o(.text)
    RCC_ClockSecuritySystemCmd               0x08001df5   Thumb Code     6  stm32f10x_rcc.o(.text)
    RCC_MCOConfig                            0x08001dfb   Thumb Code     6  stm32f10x_rcc.o(.text)
    RCC_ClearFlag                            0x08001e01   Thumb Code    14  stm32f10x_rcc.o(.text)
    RCC_GetITStatus                          0x08001e0f   Thumb Code    20  stm32f10x_rcc.o(.text)
    RCC_ClearITPendingBit                    0x08001e23   Thumb Code     6  stm32f10x_rcc.o(.text)
    USART_DeInit                             0x08001e4d   Thumb Code   134  stm32f10x_usart.o(.text)
    USART_Init                               0x08001ed3   Thumb Code   210  stm32f10x_usart.o(.text)
    USART_StructInit                         0x08001fa5   Thumb Code    24  stm32f10x_usart.o(.text)
    USART_ClockInit                          0x08001fbd   Thumb Code    34  stm32f10x_usart.o(.text)
    USART_ClockStructInit                    0x08001fdf   Thumb Code    12  stm32f10x_usart.o(.text)
    USART_Cmd                                0x08001feb   Thumb Code    24  stm32f10x_usart.o(.text)
    USART_ITConfig                           0x08002003   Thumb Code    74  stm32f10x_usart.o(.text)
    USART_DMACmd                             0x0800204d   Thumb Code    18  stm32f10x_usart.o(.text)
    USART_SetAddress                         0x0800205f   Thumb Code    18  stm32f10x_usart.o(.text)
    USART_WakeUpConfig                       0x08002071   Thumb Code    18  stm32f10x_usart.o(.text)
    USART_ReceiverWakeUpCmd                  0x08002083   Thumb Code    24  stm32f10x_usart.o(.text)
    USART_LINBreakDetectLengthConfig         0x0800209b   Thumb Code    18  stm32f10x_usart.o(.text)
    USART_LINCmd                             0x080020ad   Thumb Code    24  stm32f10x_usart.o(.text)
    USART_SendData                           0x080020c5   Thumb Code     8  stm32f10x_usart.o(.text)
    USART_ReceiveData                        0x080020cd   Thumb Code    10  stm32f10x_usart.o(.text)
    USART_SendBreak                          0x080020d7   Thumb Code    10  stm32f10x_usart.o(.text)
    USART_SetGuardTime                       0x080020e1   Thumb Code    16  stm32f10x_usart.o(.text)
    USART_SetPrescaler                       0x080020f1   Thumb Code    16  stm32f10x_usart.o(.text)
    USART_SmartCardCmd                       0x08002101   Thumb Code    24  stm32f10x_usart.o(.text)
    USART_SmartCardNACKCmd                   0x08002119   Thumb Code    24  stm32f10x_usart.o(.text)
    USART_HalfDuplexCmd                      0x08002131   Thumb Code    24  stm32f10x_usart.o(.text)
    USART_OverSampling8Cmd                   0x08002149   Thumb Code    22  stm32f10x_usart.o(.text)
    USART_OneBitMethodCmd                    0x0800215f   Thumb Code    24  stm32f10x_usart.o(.text)
    USART_IrDAConfig                         0x08002177   Thumb Code    18  stm32f10x_usart.o(.text)
    USART_IrDACmd                            0x08002189   Thumb Code    24  stm32f10x_usart.o(.text)
    USART_GetFlagStatus                      0x080021a1   Thumb Code    26  stm32f10x_usart.o(.text)
    USART_ClearFlag                          0x080021bb   Thumb Code    18  stm32f10x_usart.o(.text)
    USART_GetITStatus                        0x080021cd   Thumb Code    84  stm32f10x_usart.o(.text)
    USART_ClearITPendingBit                  0x08002221   Thumb Code    52  stm32f10x_usart.o(.text)
    ADC_DeInit                               0x08002255   Thumb Code    78  stm32f10x_adc.o(.text)
    ADC_Init                                 0x080022a3   Thumb Code    70  stm32f10x_adc.o(.text)
    ADC_StructInit                           0x080022e9   Thumb Code    18  stm32f10x_adc.o(.text)
    ADC_Cmd                                  0x080022fb   Thumb Code    22  stm32f10x_adc.o(.text)
    ADC_DMACmd                               0x08002311   Thumb Code    22  stm32f10x_adc.o(.text)
    ADC_ITConfig                             0x08002327   Thumb Code    24  stm32f10x_adc.o(.text)
    ADC_ResetCalibration                     0x0800233f   Thumb Code    10  stm32f10x_adc.o(.text)
    ADC_GetResetCalibrationStatus            0x08002349   Thumb Code    20  stm32f10x_adc.o(.text)
    ADC_StartCalibration                     0x0800235d   Thumb Code    10  stm32f10x_adc.o(.text)
    ADC_GetCalibrationStatus                 0x08002367   Thumb Code    20  stm32f10x_adc.o(.text)
    ADC_SoftwareStartConvCmd                 0x0800237b   Thumb Code    22  stm32f10x_adc.o(.text)
    ADC_GetSoftwareStartConvStatus           0x08002391   Thumb Code    20  stm32f10x_adc.o(.text)
    ADC_DiscModeChannelCountConfig           0x080023a5   Thumb Code    24  stm32f10x_adc.o(.text)
    ADC_DiscModeCmd                          0x080023bd   Thumb Code    22  stm32f10x_adc.o(.text)
    ADC_RegularChannelConfig                 0x080023d3   Thumb Code   184  stm32f10x_adc.o(.text)
    ADC_ExternalTrigConvCmd                  0x0800248b   Thumb Code    22  stm32f10x_adc.o(.text)
    ADC_GetConversionValue                   0x080024a1   Thumb Code     8  stm32f10x_adc.o(.text)
    ADC_GetDualModeConversionValue           0x080024a9   Thumb Code     8  stm32f10x_adc.o(.text)
    ADC_AutoInjectedConvCmd                  0x080024b1   Thumb Code    22  stm32f10x_adc.o(.text)
    ADC_InjectedDiscModeCmd                  0x080024c7   Thumb Code    22  stm32f10x_adc.o(.text)
    ADC_ExternalTrigInjectedConvConfig       0x080024dd   Thumb Code    16  stm32f10x_adc.o(.text)
    ADC_ExternalTrigInjectedConvCmd          0x080024ed   Thumb Code    22  stm32f10x_adc.o(.text)
    ADC_SoftwareStartInjectedConvCmd         0x08002503   Thumb Code    22  stm32f10x_adc.o(.text)
    ADC_GetSoftwareStartInjectedConvCmdStatus 0x08002519   Thumb Code    20  stm32f10x_adc.o(.text)
    ADC_InjectedChannelConfig                0x0800252d   Thumb Code   130  stm32f10x_adc.o(.text)
    ADC_InjectedSequencerLengthConfig        0x080025af   Thumb Code    24  stm32f10x_adc.o(.text)
    ADC_SetInjectedOffset                    0x080025c7   Thumb Code    20  stm32f10x_adc.o(.text)
    ADC_GetInjectedConversionValue           0x080025db   Thumb Code    28  stm32f10x_adc.o(.text)
    ADC_AnalogWatchdogCmd                    0x080025f7   Thumb Code    16  stm32f10x_adc.o(.text)
    ADC_AnalogWatchdogThresholdsConfig       0x08002607   Thumb Code     6  stm32f10x_adc.o(.text)
    ADC_AnalogWatchdogSingleChannelConfig    0x0800260d   Thumb Code    16  stm32f10x_adc.o(.text)
    ADC_TempSensorVrefintCmd                 0x0800261d   Thumb Code    64  stm32f10x_adc.o(.text)
    ADC_GetFlagStatus                        0x0800265d   Thumb Code    18  stm32f10x_adc.o(.text)
    ADC_ClearFlag                            0x0800266f   Thumb Code     6  stm32f10x_adc.o(.text)
    ADC_GetITStatus                          0x08002675   Thumb Code    36  stm32f10x_adc.o(.text)
    ADC_ClearITPendingBit                    0x08002699   Thumb Code    10  stm32f10x_adc.o(.text)
    TIM_DeInit                               0x080026a5   Thumb Code   424  stm32f10x_tim.o(.text)
    TIM_TimeBaseInit                         0x0800284d   Thumb Code   122  stm32f10x_tim.o(.text)
    TIM_OC1Init                              0x080028c7   Thumb Code   132  stm32f10x_tim.o(.text)
    TIM_OC2Init                              0x0800294b   Thumb Code   154  stm32f10x_tim.o(.text)
    TIM_OC3Init                              0x080029e5   Thumb Code   150  stm32f10x_tim.o(.text)
    TIM_OC4Init                              0x08002a7b   Thumb Code   182  stm32f10x_tim.o(.text)
    TIM_SetIC4Prescaler                      0x08002b31   Thumb Code    26  stm32f10x_tim.o(.text)
    TIM_SetIC3Prescaler                      0x08002bcd   Thumb Code    18  stm32f10x_tim.o(.text)
    TIM_SetIC2Prescaler                      0x08002c59   Thumb Code    26  stm32f10x_tim.o(.text)
    TIM_SetIC1Prescaler                      0x08002cf5   Thumb Code    18  stm32f10x_tim.o(.text)
    TIM_ICInit                               0x08002d73   Thumb Code   150  stm32f10x_tim.o(.text)
    TIM_PWMIConfig                           0x08002e09   Thumb Code   124  stm32f10x_tim.o(.text)
    TIM_BDTRConfig                           0x08002e85   Thumb Code    32  stm32f10x_tim.o(.text)
    TIM_TimeBaseStructInit                   0x08002ea5   Thumb Code    18  stm32f10x_tim.o(.text)
    TIM_OCStructInit                         0x08002eb7   Thumb Code    20  stm32f10x_tim.o(.text)
    TIM_ICStructInit                         0x08002ecb   Thumb Code    18  stm32f10x_tim.o(.text)
    TIM_BDTRStructInit                       0x08002edd   Thumb Code    40  stm32f10x_tim.o(.text)
    TIM_Cmd                                  0x08002f05   Thumb Code    24  stm32f10x_tim.o(.text)
    TIM_CtrlPWMOutputs                       0x08002f1d   Thumb Code    30  stm32f10x_tim.o(.text)
    TIM_ITConfig                             0x08002f3b   Thumb Code    18  stm32f10x_tim.o(.text)
    TIM_GenerateEvent                        0x08002f4d   Thumb Code     4  stm32f10x_tim.o(.text)
    TIM_DMAConfig                            0x08002f51   Thumb Code    10  stm32f10x_tim.o(.text)
    TIM_DMACmd                               0x08002f5b   Thumb Code    18  stm32f10x_tim.o(.text)
    TIM_InternalClockConfig                  0x08002f6d   Thumb Code    12  stm32f10x_tim.o(.text)
    TIM_SelectInputTrigger                   0x08002f79   Thumb Code    18  stm32f10x_tim.o(.text)
    TIM_ITRxExternalClockConfig              0x08002f8b   Thumb Code    24  stm32f10x_tim.o(.text)
    TIM_TIxExternalClockConfig               0x08002fa3   Thumb Code    62  stm32f10x_tim.o(.text)
    TIM_ETRConfig                            0x08002fe1   Thumb Code    28  stm32f10x_tim.o(.text)
    TIM_ETRClockMode1Config                  0x08002ffd   Thumb Code    54  stm32f10x_tim.o(.text)
    TIM_ETRClockMode2Config                  0x08003033   Thumb Code    32  stm32f10x_tim.o(.text)
    TIM_PrescalerConfig                      0x08003053   Thumb Code     6  stm32f10x_tim.o(.text)
    TIM_CounterModeConfig                    0x08003059   Thumb Code    18  stm32f10x_tim.o(.text)
    TIM_EncoderInterfaceConfig               0x0800306b   Thumb Code    66  stm32f10x_tim.o(.text)
    TIM_ForcedOC1Config                      0x080030ad   Thumb Code    18  stm32f10x_tim.o(.text)
    TIM_ForcedOC2Config                      0x080030bf   Thumb Code    26  stm32f10x_tim.o(.text)
    TIM_ForcedOC3Config                      0x080030d9   Thumb Code    18  stm32f10x_tim.o(.text)
    TIM_ForcedOC4Config                      0x080030eb   Thumb Code    26  stm32f10x_tim.o(.text)
    TIM_ARRPreloadConfig                     0x08003105   Thumb Code    24  stm32f10x_tim.o(.text)
    TIM_SelectCOM                            0x0800311d   Thumb Code    24  stm32f10x_tim.o(.text)
    TIM_SelectCCDMA                          0x08003135   Thumb Code    24  stm32f10x_tim.o(.text)
    TIM_CCPreloadControl                     0x0800314d   Thumb Code    24  stm32f10x_tim.o(.text)
    TIM_OC1PreloadConfig                     0x08003165   Thumb Code    18  stm32f10x_tim.o(.text)
    TIM_OC2PreloadConfig                     0x08003177   Thumb Code    26  stm32f10x_tim.o(.text)
    TIM_OC3PreloadConfig                     0x08003191   Thumb Code    18  stm32f10x_tim.o(.text)
    TIM_OC4PreloadConfig                     0x080031a3   Thumb Code    26  stm32f10x_tim.o(.text)
    TIM_OC1FastConfig                        0x080031bd   Thumb Code    18  stm32f10x_tim.o(.text)
    TIM_OC2FastConfig                        0x080031cf   Thumb Code    26  stm32f10x_tim.o(.text)
    TIM_OC3FastConfig                        0x080031e9   Thumb Code    18  stm32f10x_tim.o(.text)
    TIM_OC4FastConfig                        0x080031fb   Thumb Code    26  stm32f10x_tim.o(.text)
    TIM_ClearOC1Ref                          0x08003215   Thumb Code    18  stm32f10x_tim.o(.text)
    TIM_ClearOC2Ref                          0x08003227   Thumb Code    24  stm32f10x_tim.o(.text)
    TIM_ClearOC3Ref                          0x0800323f   Thumb Code    18  stm32f10x_tim.o(.text)
    TIM_ClearOC4Ref                          0x08003251   Thumb Code    24  stm32f10x_tim.o(.text)
    TIM_OC1PolarityConfig                    0x08003269   Thumb Code    18  stm32f10x_tim.o(.text)
    TIM_OC1NPolarityConfig                   0x0800327b   Thumb Code    18  stm32f10x_tim.o(.text)
    TIM_OC2PolarityConfig                    0x0800328d   Thumb Code    26  stm32f10x_tim.o(.text)
    TIM_OC2NPolarityConfig                   0x080032a7   Thumb Code    26  stm32f10x_tim.o(.text)
    TIM_OC3PolarityConfig                    0x080032c1   Thumb Code    26  stm32f10x_tim.o(.text)
    TIM_OC3NPolarityConfig                   0x080032db   Thumb Code    26  stm32f10x_tim.o(.text)
    TIM_OC4PolarityConfig                    0x080032f5   Thumb Code    26  stm32f10x_tim.o(.text)
    TIM_CCxCmd                               0x0800330f   Thumb Code    30  stm32f10x_tim.o(.text)
    TIM_CCxNCmd                              0x0800332d   Thumb Code    30  stm32f10x_tim.o(.text)
    TIM_SelectOCxM                           0x0800334b   Thumb Code    82  stm32f10x_tim.o(.text)
    TIM_UpdateDisableConfig                  0x0800339d   Thumb Code    24  stm32f10x_tim.o(.text)
    TIM_UpdateRequestConfig                  0x080033b5   Thumb Code    24  stm32f10x_tim.o(.text)
    TIM_SelectHallSensor                     0x080033cd   Thumb Code    24  stm32f10x_tim.o(.text)
    TIM_SelectOnePulseMode                   0x080033e5   Thumb Code    18  stm32f10x_tim.o(.text)
    TIM_SelectOutputTrigger                  0x080033f7   Thumb Code    18  stm32f10x_tim.o(.text)
    TIM_SelectSlaveMode                      0x08003409   Thumb Code    18  stm32f10x_tim.o(.text)
    TIM_SelectMasterSlaveMode                0x0800341b   Thumb Code    18  stm32f10x_tim.o(.text)
    TIM_SetCounter                           0x0800342d   Thumb Code     4  stm32f10x_tim.o(.text)
    TIM_SetAutoreload                        0x08003431   Thumb Code     4  stm32f10x_tim.o(.text)
    TIM_SetCompare1                          0x08003435   Thumb Code     4  stm32f10x_tim.o(.text)
    TIM_SetCompare2                          0x08003439   Thumb Code     4  stm32f10x_tim.o(.text)
    TIM_SetCompare3                          0x0800343d   Thumb Code     4  stm32f10x_tim.o(.text)
    TIM_SetCompare4                          0x08003441   Thumb Code     6  stm32f10x_tim.o(.text)
    TIM_SetClockDivision                     0x08003447   Thumb Code    18  stm32f10x_tim.o(.text)
    TIM_GetCapture1                          0x08003459   Thumb Code     6  stm32f10x_tim.o(.text)
    TIM_GetCapture2                          0x0800345f   Thumb Code     6  stm32f10x_tim.o(.text)
    TIM_GetCapture3                          0x08003465   Thumb Code     6  stm32f10x_tim.o(.text)
    TIM_GetCapture4                          0x0800346b   Thumb Code     8  stm32f10x_tim.o(.text)
    TIM_GetCounter                           0x08003473   Thumb Code     6  stm32f10x_tim.o(.text)
    TIM_GetPrescaler                         0x08003479   Thumb Code     6  stm32f10x_tim.o(.text)
    TIM_GetFlagStatus                        0x0800347f   Thumb Code    18  stm32f10x_tim.o(.text)
    TIM_ClearFlag                            0x08003491   Thumb Code     6  stm32f10x_tim.o(.text)
    TIM_GetITStatus                          0x08003497   Thumb Code    34  stm32f10x_tim.o(.text)
    TIM_ClearITPendingBit                    0x080034b9   Thumb Code     6  stm32f10x_tim.o(.text)
    delay_init                               0x080034c1   Thumb Code    50  delay.o(.text)
    delay_us                                 0x080034f3   Thumb Code    72  delay.o(.text)
    delay_ms                                 0x0800353b   Thumb Code    72  delay.o(.text)
    get_ms                                   0x08003583   Thumb Code     2  delay.o(.text)
    delay_nms                                0x08003585   Thumb Code    32  delay.o(.text)
    NVIC_Configuration                       0x080035b5   Thumb Code    12  sys.o(.text)
    _sys_exit                                0x080035c1   Thumb Code     6  usart.o(.text)
    fputc                                    0x080035c7   Thumb Code    24  usart.o(.text)
    uart_init                                0x080035df   Thumb Code   152  usart.o(.text)
    uart_init3                               0x08003677   Thumb Code   160  usart.o(.text)
    USART1_Send_Byte                         0x08003717   Thumb Code    28  usart.o(.text)
    PrintChar                                0x08003733   Thumb Code    24  usart.o(.text)
    USART1_IRQHandler                        0x0800374b   Thumb Code   122  usart.o(.text)
    USART3_IRQHandler                        0x080037c5   Thumb Code   122  usart.o(.text)
    mpu_reg_dump                             0x080038eb   Thumb Code    72  inv_mpu.o(.text)
    mpu_read_reg                             0x08003933   Thumb Code    66  inv_mpu.o(.text)
    mpu_set_int_latched                      0x08003975   Thumb Code   102  inv_mpu.o(.text)
    mpu_set_sensors                          0x080039db   Thumb Code   202  inv_mpu.o(.text)
    mpu_set_bypass                           0x08003aa5   Thumb Code   328  inv_mpu.o(.text)
    mpu_reset_fifo                           0x08003bed   Thumb Code   456  inv_mpu.o(.text)
    mpu_configure_fifo                       0x08003db5   Thumb Code   106  inv_mpu.o(.text)
    mpu_set_lpf                              0x08003e1f   Thumb Code   126  inv_mpu.o(.text)
    mpu_lp_accel_mode                        0x08003e9d   Thumb Code   218  inv_mpu.o(.text)
    mpu_set_sample_rate                      0x08003f77   Thumb Code   152  inv_mpu.o(.text)
    mpu_set_accel_fsr                        0x0800400f   Thumb Code   132  inv_mpu.o(.text)
    mpu_set_gyro_fsr                         0x08004093   Thumb Code   132  inv_mpu.o(.text)
    mpu_init                                 0x08004117   Thumb Code   396  inv_mpu.o(.text)
    mpu_get_gyro_reg                         0x080042a3   Thumb Code   110  inv_mpu.o(.text)
    mpu_get_accel_reg                        0x08004311   Thumb Code   110  inv_mpu.o(.text)
    mpu_get_temperature                      0x0800437f   Thumb Code   150  inv_mpu.o(.text)
    mpu_set_accel_bias                       0x08004415   Thumb Code   388  inv_mpu.o(.text)
    mpu_get_gyro_fsr                         0x08004599   Thumb Code    64  inv_mpu.o(.text)
    mpu_get_accel_fsr                        0x080045d9   Thumb Code    72  inv_mpu.o(.text)
    mpu_get_lpf                              0x08004621   Thumb Code    74  inv_mpu.o(.text)
    mpu_get_sample_rate                      0x0800466b   Thumb Code    26  inv_mpu.o(.text)
    mpu_get_compass_sample_rate              0x08004685   Thumb Code    10  inv_mpu.o(.text)
    mpu_set_compass_sample_rate              0x0800468f   Thumb Code     8  inv_mpu.o(.text)
    mpu_get_gyro_sens                        0x08004697   Thumb Code    58  inv_mpu.o(.text)
    mpu_get_accel_sens                       0x080046d1   Thumb Code    78  inv_mpu.o(.text)
    mpu_get_fifo_config                      0x0800471f   Thumb Code    12  inv_mpu.o(.text)
    mpu_get_power_state                      0x0800472b   Thumb Code    22  inv_mpu.o(.text)
    mpu_get_int_status                       0x08004741   Thumb Code    64  inv_mpu.o(.text)
    mpu_read_fifo                            0x08004781   Thumb Code   522  inv_mpu.o(.text)
    mpu_read_fifo_stream                     0x0800498b   Thumb Code   186  inv_mpu.o(.text)
    mpu_set_int_level                        0x08004a45   Thumb Code    12  inv_mpu.o(.text)
    mpu_set_dmp_state                        0x08005125   Thumb Code   138  inv_mpu.o(.text)
    mpu_run_self_test                        0x080051af   Thumb Code   278  inv_mpu.o(.text)
    mpu_write_mem                            0x080052c5   Thumb Code   122  inv_mpu.o(.text)
    mpu_read_mem                             0x0800533f   Thumb Code   122  inv_mpu.o(.text)
    mpu_load_firmware                        0x080053b9   Thumb Code   190  inv_mpu.o(.text)
    mpu_get_dmp_state                        0x08005477   Thumb Code    14  inv_mpu.o(.text)
    mpu_get_compass_reg                      0x08005485   Thumb Code     8  inv_mpu.o(.text)
    mpu_get_compass_fsr                      0x0800548d   Thumb Code     8  inv_mpu.o(.text)
    mpu_lp_motion_interrupt                  0x08005495   Thumb Code   512  inv_mpu.o(.text)
    dmp_load_motion_driver_firmware          0x08005699   Thumb Code    20  inv_mpu_dmp_motion_driver.o(.text)
    dmp_set_orientation                      0x080056ad   Thumb Code   290  inv_mpu_dmp_motion_driver.o(.text)
    dmp_set_gyro_bias                        0x080057cf   Thumb Code   294  inv_mpu_dmp_motion_driver.o(.text)
    dmp_set_accel_bias                       0x080058f5   Thumb Code   300  inv_mpu_dmp_motion_driver.o(.text)
    dmp_set_fifo_rate                        0x08005a21   Thumb Code   136  inv_mpu_dmp_motion_driver.o(.text)
    dmp_get_fifo_rate                        0x08005aa9   Thumb Code    12  inv_mpu_dmp_motion_driver.o(.text)
    dmp_set_tap_thresh                       0x08005ab5   Thumb Code   396  inv_mpu_dmp_motion_driver.o(.text)
    dmp_set_tap_axes                         0x08005c41   Thumb Code    70  inv_mpu_dmp_motion_driver.o(.text)
    dmp_set_tap_count                        0x08005c87   Thumb Code    38  inv_mpu_dmp_motion_driver.o(.text)
    dmp_set_tap_time                         0x08005cad   Thumb Code    38  inv_mpu_dmp_motion_driver.o(.text)
    dmp_set_tap_time_multi                   0x08005cd3   Thumb Code    38  inv_mpu_dmp_motion_driver.o(.text)
    dmp_set_shake_reject_thresh              0x08005cf9   Thumb Code    56  inv_mpu_dmp_motion_driver.o(.text)
    dmp_set_shake_reject_time                0x08005d31   Thumb Code    38  inv_mpu_dmp_motion_driver.o(.text)
    dmp_set_shake_reject_timeout             0x08005d57   Thumb Code    38  inv_mpu_dmp_motion_driver.o(.text)
    dmp_get_pedometer_step_count             0x08005d7d   Thumb Code    66  inv_mpu_dmp_motion_driver.o(.text)
    dmp_set_pedometer_step_count             0x08005dbf   Thumb Code    42  inv_mpu_dmp_motion_driver.o(.text)
    dmp_get_pedometer_walk_time              0x08005de9   Thumb Code    72  inv_mpu_dmp_motion_driver.o(.text)
    dmp_set_pedometer_walk_time              0x08005e31   Thumb Code    48  inv_mpu_dmp_motion_driver.o(.text)
    dmp_enable_6x_lp_quat                    0x08005e61   Thumb Code    84  inv_mpu_dmp_motion_driver.o(.text)
    dmp_enable_lp_quat                       0x08005eb5   Thumb Code    60  inv_mpu_dmp_motion_driver.o(.text)
    dmp_enable_gyro_cal                      0x08005ef1   Thumb Code    62  inv_mpu_dmp_motion_driver.o(.text)
    dmp_enable_feature                       0x08005f2f   Thumb Code   530  inv_mpu_dmp_motion_driver.o(.text)
    dmp_get_enabled_features                 0x08006141   Thumb Code    12  inv_mpu_dmp_motion_driver.o(.text)
    dmp_set_interrupt_mode                   0x080061ab   Thumb Code    66  inv_mpu_dmp_motion_driver.o(.text)
    dmp_read_fifo                            0x080061ed   Thumb Code   514  inv_mpu_dmp_motion_driver.o(.text)
    dmp_register_tap_cb                      0x080063ef   Thumb Code    10  inv_mpu_dmp_motion_driver.o(.text)
    dmp_register_android_orient_cb           0x080063f9   Thumb Code    10  inv_mpu_dmp_motion_driver.o(.text)
    inv_orientation_matrix_to_scalar         0x08006451   Thumb Code    40  inv_mpu_dmp_motion_driver.o(.text)
    run_self_test                            0x08006479   Thumb Code   144  inv_mpu_dmp_motion_driver.o(.text)
    __use_no_semihosting                     0x0800650d   Thumb Code     2  use_no_semi_2.o(.text)
    __aeabi_ldivmod                          0x0800650f   Thumb Code     0  llsdiv.o(.text)
    _ll_sdiv                                 0x0800650f   Thumb Code    72  llsdiv.o(.text)
    __2printf                                0x08006559   Thumb Code    20  noretval__2printf.o(.text)
    __printf                                 0x08006571   Thumb Code   104  __printf.o(.text)
    _printf_int_dec                          0x080065d9   Thumb Code   104  _printf_dec.o(.text)
    memcmp                                   0x08006651   Thumb Code    88  memcmp.o(.text)
    __aeabi_memset                           0x080066a9   Thumb Code    16  aeabi_memset.o(.text)
    __use_two_region_memory                  0x080066b9   Thumb Code     2  heapauxi.o(.text)
    __rt_heap_escrow$2region                 0x080066bb   Thumb Code     2  heapauxi.o(.text)
    __rt_heap_expand$2region                 0x080066bd   Thumb Code     2  heapauxi.o(.text)
    __I$use$semihosting                      0x080066bf   Thumb Code     0  use_no_semi.o(.text)
    __use_no_semihosting_swi                 0x080066bf   Thumb Code     2  use_no_semi.o(.text)
    __aeabi_uldivmod                         0x080066c1   Thumb Code     0  lludivv7m.o(.text)
    _ll_udiv                                 0x080066c1   Thumb Code   238  lludivv7m.o(.text)
    __read_errno                             0x080067af   Thumb Code    10  _rserrno.o(.text)
    __set_errno                              0x080067b9   Thumb Code    12  _rserrno.o(.text)
    _printf_int_common                       0x080067c5   Thumb Code   178  _printf_intcommon.o(.text)
    _printf_char_file                        0x08006879   Thumb Code    32  _printf_char_file.o(.text)
    __aeabi_memclr                           0x0800689d   Thumb Code     0  rt_memclr.o(.text)
    __rt_memclr                              0x0800689d   Thumb Code    68  rt_memclr.o(.text)
    _memset                                  0x080068a1   Thumb Code     0  rt_memclr.o(.text)
    __aeabi_errno_addr                       0x080068e1   Thumb Code     8  rt_errno_addr_intlibspace.o(.text)
    __errno$intlibspace                      0x080068e1   Thumb Code     0  rt_errno_addr_intlibspace.o(.text)
    __rt_errno_addr$intlibspace              0x080068e1   Thumb Code     0  rt_errno_addr_intlibspace.o(.text)
    _printf_char_common                      0x080068f3   Thumb Code    32  _printf_char_common.o(.text)
    ferror                                   0x08006919   Thumb Code     8  ferror.o(.text)
    __aeabi_memclr4                          0x08006921   Thumb Code     0  rt_memclr_w.o(.text)
    __aeabi_memclr8                          0x08006921   Thumb Code     0  rt_memclr_w.o(.text)
    __rt_memclr_w                            0x08006921   Thumb Code    78  rt_memclr_w.o(.text)
    _memset_w                                0x08006925   Thumb Code     0  rt_memclr_w.o(.text)
    __user_libspace                          0x08006971   Thumb Code     8  libspace.o(.text)
    __user_perproc_libspace                  0x08006971   Thumb Code     0  libspace.o(.text)
    __user_perthread_libspace                0x08006971   Thumb Code     0  libspace.o(.text)
    __user_setup_stackheap                   0x08006979   Thumb Code    74  sys_stackheap_outer.o(.text)
    exit                                     0x080069c3   Thumb Code    12  exit.o(.text)
    __ARM_fpclassify                         0x080069cf   Thumb Code    40  fpclassify.o(i.__ARM_fpclassify)
    __kernel_poly                            0x080069f7   Thumb Code   170  poly.o(i.__kernel_poly)
    __mathlib_dbl_infnan                     0x08006aa1   Thumb Code     6  dunder.o(i.__mathlib_dbl_infnan)
    __mathlib_dbl_infnan2                    0x08006aa7   Thumb Code     4  dunder.o(i.__mathlib_dbl_infnan2)
    __mathlib_dbl_invalid                    0x08006aab   Thumb Code    12  dunder.o(i.__mathlib_dbl_invalid)
    __mathlib_dbl_underflow                  0x08006ab9   Thumb Code    10  dunder.o(i.__mathlib_dbl_underflow)
    asin                                     0x08006ac9   Thumb Code   572  asin.o(i.asin)
    atan                                     0x08006d39   Thumb Code   474  atan.o(i.atan)
    atan2                                    0x08006f59   Thumb Code   346  atan2.o(i.atan2)
    sqrt                                     0x080070d9   Thumb Code    76  sqrt.o(i.sqrt)
    __aeabi_d2f                              0x08007125   Thumb Code     0  d2f.o(x$fpl$d2f)
    _d2f                                     0x08007125   Thumb Code    98  d2f.o(x$fpl$d2f)
    __aeabi_dadd                             0x08007189   Thumb Code     0  daddsub_clz.o(x$fpl$dadd)
    _dadd                                    0x08007189   Thumb Code   332  daddsub_clz.o(x$fpl$dadd)
    __fpl_dcheck_NaN1                        0x080072d9   Thumb Code    10  dcheck1.o(x$fpl$dcheck1)
    __aeabi_ddiv                             0x080072e9   Thumb Code     0  ddiv.o(x$fpl$ddiv)
    _ddiv                                    0x080072e9   Thumb Code   552  ddiv.o(x$fpl$ddiv)
    __aeabi_d2uiz                            0x08007599   Thumb Code     0  dfixu.o(x$fpl$dfixu)
    _dfixu                                   0x08007599   Thumb Code    90  dfixu.o(x$fpl$dfixu)
    __aeabi_i2d                              0x080075f3   Thumb Code     0  dflt_clz.o(x$fpl$dflt)
    _dflt                                    0x080075f3   Thumb Code    46  dflt_clz.o(x$fpl$dflt)
    __aeabi_dmul                             0x08007621   Thumb Code     0  dmul.o(x$fpl$dmul)
    _dmul                                    0x08007621   Thumb Code   332  dmul.o(x$fpl$dmul)
    __fpl_dnaninf                            0x08007775   Thumb Code   156  dnaninf.o(x$fpl$dnaninf)
    __fpl_dretinf                            0x08007811   Thumb Code    12  dretinf.o(x$fpl$dretinf)
    __aeabi_drsub                            0x0800781d   Thumb Code     0  daddsub_clz.o(x$fpl$drsb)
    _drsb                                    0x0800781d   Thumb Code    22  daddsub_clz.o(x$fpl$drsb)
    _dsqrt                                   0x08007835   Thumb Code   456  dsqrt_noumaal.o(x$fpl$dsqrt)
    __aeabi_dsub                             0x08007a01   Thumb Code     0  daddsub_clz.o(x$fpl$dsub)
    _dsub                                    0x08007a01   Thumb Code   464  daddsub_clz.o(x$fpl$dsub)
    __aeabi_f2d                              0x08007bd5   Thumb Code     0  f2d.o(x$fpl$f2d)
    _f2d                                     0x08007bd5   Thumb Code    86  f2d.o(x$fpl$f2d)
    __aeabi_fadd                             0x08007c2d   Thumb Code     0  faddsub_clz.o(x$fpl$fadd)
    _fadd                                    0x08007c2d   Thumb Code   196  faddsub_clz.o(x$fpl$fadd)
    __fpl_fcmp_Inf                           0x08007cf1   Thumb Code    24  fcmpi.o(x$fpl$fcmpinf)
    __aeabi_fdiv                             0x08007d09   Thumb Code     0  fdiv.o(x$fpl$fdiv)
    _fdiv                                    0x08007d09   Thumb Code   384  fdiv.o(x$fpl$fdiv)
    __aeabi_cfcmpeq                          0x08007e8d   Thumb Code     0  feqf.o(x$fpl$feqf)
    _fcmpeq                                  0x08007e8d   Thumb Code   104  feqf.o(x$fpl$feqf)
    __aeabi_f2iz                             0x08007ef5   Thumb Code     0  ffix.o(x$fpl$ffix)
    _ffix                                    0x08007ef5   Thumb Code    54  ffix.o(x$fpl$ffix)
    __aeabi_f2uiz                            0x08007f2d   Thumb Code     0  ffixu.o(x$fpl$ffixu)
    _ffixu                                   0x08007f2d   Thumb Code    62  ffixu.o(x$fpl$ffixu)
    __aeabi_i2f                              0x08007f6d   Thumb Code     0  fflt_clz.o(x$fpl$fflt)
    _fflt                                    0x08007f6d   Thumb Code    48  fflt_clz.o(x$fpl$fflt)
    __aeabi_ui2f                             0x08007f9d   Thumb Code     0  fflt_clz.o(x$fpl$ffltu)
    _ffltu                                   0x08007f9d   Thumb Code    38  fflt_clz.o(x$fpl$ffltu)
    __aeabi_cfcmple                          0x08007fc5   Thumb Code     0  fleqf.o(x$fpl$fleqf)
    _fcmple                                  0x08007fc5   Thumb Code   104  fleqf.o(x$fpl$fleqf)
    __fpl_fcmple_InfNaN                      0x08008017   Thumb Code     0  fleqf.o(x$fpl$fleqf)
    __aeabi_fmul                             0x0800802d   Thumb Code     0  fmul.o(x$fpl$fmul)
    _fmul                                    0x0800802d   Thumb Code   258  fmul.o(x$fpl$fmul)
    __fpl_fnaninf                            0x0800812f   Thumb Code   140  fnaninf.o(x$fpl$fnaninf)
    __fpl_fretinf                            0x080081bb   Thumb Code    10  fretinf.o(x$fpl$fretinf)
    __aeabi_cfrcmple                         0x080081c5   Thumb Code     0  frleqf.o(x$fpl$frleqf)
    _frcmple                                 0x080081c5   Thumb Code    98  frleqf.o(x$fpl$frleqf)
    __aeabi_fsub                             0x08008229   Thumb Code     0  faddsub_clz.o(x$fpl$fsub)
    _fsub                                    0x08008229   Thumb Code   234  faddsub_clz.o(x$fpl$fsub)
    __fpl_return_NaN                         0x08008313   Thumb Code   100  retnan.o(x$fpl$retnan)
    __ARM_scalbn                             0x08008377   Thumb Code    92  scalbn.o(x$fpl$scalbn)
    __fpl_cmpreturn                          0x080083d3   Thumb Code    48  trapv.o(x$fpl$trapveneer)
    __I$use$fp                               0x08008402   Number         0  usenofp.o(x$fpl$usenofp)
    hw                                       0x08008404   Data          12  inv_mpu.o(.constdata)
    reg                                      0x08008410   Data          27  inv_mpu.o(.constdata)
    test                                     0x0800842c   Data          40  inv_mpu.o(.constdata)
    __mathlib_zero                           0x08009138   Data           8  qnan.o(.constdata)
    Region$$Table$$Base                      0x08009140   Number         0  anon$$obj.o(Region$$Table)
    Region$$Table$$Limit                     0x08009160   Number         0  anon$$obj.o(Region$$Table)
    Voltage_D                                0x20000000   Data           4  main.o(.data)
    Voltage_A                                0x20000004   Data           4  main.o(.data)
    pose                                     0x20000008   Data           4  main.o(.data)
    mode                                     0x2000000c   Data           4  main.o(.data)
    all_in                                   0x20000010   Data           4  main.o(.data)
    all_out                                  0x20000014   Data           4  main.o(.data)
    all_mode                                 0x20000018   Data           4  main.o(.data)
    S_mode                                   0x2000001c   Data           4  main.o(.data)
    SystemCoreClock                          0x20000020   Data           4  system_stm32f10x.o(.data)
    AHBPrescTable                            0x20000024   Data          16  system_stm32f10x.o(.data)
    q0                                       0x20000040   Data           4  mpu6050.o(.data)
    q1                                       0x20000044   Data           4  mpu6050.o(.data)
    q2                                       0x20000048   Data           4  mpu6050.o(.data)
    q3                                       0x2000004c   Data           4  mpu6050.o(.data)
    Pitch                                    0x20000050   Data           4  mpu6050.o(.data)
    Roll                                     0x20000054   Data           4  mpu6050.o(.data)
    Yaw                                      0x20000058   Data           4  mpu6050.o(.data)
    sensor_timestamp                         0x2000005c   Data           4  mpu6050.o(.data)
    gyro                                     0x20000060   Data           6  mpu6050.o(.data)
    accel                                    0x20000066   Data           6  mpu6050.o(.data)
    sensors                                  0x2000006c   Data           2  mpu6050.o(.data)
    more                                     0x2000006e   Data           1  mpu6050.o(.data)
    vt_mode                                  0x20000070   Data           4  finger.o(.data)
    __stdout                                 0x2000008c   Data           4  usart.o(.data)
    USART_RX_STA                             0x20000090   Data           2  usart.o(.data)
    USART_RX_STA3                            0x20000092   Data           2  usart.o(.data)
    finger                                   0x200000c0   Data          20  main.o(.bss)
    quat                                     0x200000d4   Data          16  mpu6050.o(.bss)
    MPU6050                                  0x200000e4   Data          20  finger.o(.bss)
    readbuf                                  0x200000f8   Data          64  finger.o(.bss)
    USART_RX_BUF                             0x20000138   Data         200  usart.o(.bss)
    USART_RX_BUF3                            0x20000200   Data         200  usart.o(.bss)
    __libspace_start                         0x200002d8   Data          96  libspace.o(.bss)
    __temporary_stack_top$libspace           0x20000338   Data           0  libspace.o(.bss)



==============================================================================

Memory Map of the image

  Image Entry point : 0x080000ed

  Load Region LR_IROM1 (Base: 0x08000000, Size: 0x00009220, Max: 0x00010000, ABSOLUTE)

    Execution Region ER_IROM1 (Base: 0x08000000, Size: 0x00009160, Max: 0x00010000, ABSOLUTE)

    Base Addr    Size         Type   Attr      Idx    E Section Name        Object

    0x08000000   0x000000ec   Data   RO          291    RESET               startup_stm32f10x_md.o
    0x080000ec   0x00000008   Code   RO          763  * !!!main             c_w.l(__main.o)
    0x080000f4   0x00000034   Code   RO         1091    !!!scatter          c_w.l(__scatter.o)
    0x08000128   0x0000001a   Code   RO         1093    !!handler_copy      c_w.l(__scatter_copy.o)
    0x08000142   0x00000002   PAD
    0x08000144   0x0000001c   Code   RO         1095    !!handler_zi        c_w.l(__scatter_zi.o)
    0x08000160   0x00000000   Code   RO          756    .ARM.Collect$$_printf_percent$$00000000  c_w.l(_printf_percent.o)
    0x08000160   0x00000006   Code   RO          755    .ARM.Collect$$_printf_percent$$00000009  c_w.l(_printf_d.o)
    0x08000166   0x00000004   Code   RO          846    .ARM.Collect$$_printf_percent$$00000017  c_w.l(_printf_percent_end.o)
    0x0800016a   0x00000002   Code   RO          959    .ARM.Collect$$libinit$$00000000  c_w.l(libinit.o)
    0x0800016c   0x00000000   Code   RO          971    .ARM.Collect$$libinit$$00000002  c_w.l(libinit2.o)
    0x0800016c   0x00000000   Code   RO          973    .ARM.Collect$$libinit$$00000004  c_w.l(libinit2.o)
    0x0800016c   0x00000000   Code   RO          976    .ARM.Collect$$libinit$$0000000A  c_w.l(libinit2.o)
    0x0800016c   0x00000000   Code   RO          978    .ARM.Collect$$libinit$$0000000C  c_w.l(libinit2.o)
    0x0800016c   0x00000000   Code   RO          980    .ARM.Collect$$libinit$$0000000E  c_w.l(libinit2.o)
    0x0800016c   0x00000000   Code   RO          983    .ARM.Collect$$libinit$$00000011  c_w.l(libinit2.o)
    0x0800016c   0x00000000   Code   RO          985    .ARM.Collect$$libinit$$00000013  c_w.l(libinit2.o)
    0x0800016c   0x00000000   Code   RO          987    .ARM.Collect$$libinit$$00000015  c_w.l(libinit2.o)
    0x0800016c   0x00000000   Code   RO          989    .ARM.Collect$$libinit$$00000017  c_w.l(libinit2.o)
    0x0800016c   0x00000000   Code   RO          991    .ARM.Collect$$libinit$$00000019  c_w.l(libinit2.o)
    0x0800016c   0x00000000   Code   RO          993    .ARM.Collect$$libinit$$0000001B  c_w.l(libinit2.o)
    0x0800016c   0x00000000   Code   RO          995    .ARM.Collect$$libinit$$0000001D  c_w.l(libinit2.o)
    0x0800016c   0x00000000   Code   RO          997    .ARM.Collect$$libinit$$0000001F  c_w.l(libinit2.o)
    0x0800016c   0x00000000   Code   RO          999    .ARM.Collect$$libinit$$00000021  c_w.l(libinit2.o)
    0x0800016c   0x00000000   Code   RO         1001    .ARM.Collect$$libinit$$00000023  c_w.l(libinit2.o)
    0x0800016c   0x00000000   Code   RO         1003    .ARM.Collect$$libinit$$00000025  c_w.l(libinit2.o)
    0x0800016c   0x00000000   Code   RO         1007    .ARM.Collect$$libinit$$0000002C  c_w.l(libinit2.o)
    0x0800016c   0x00000000   Code   RO         1009    .ARM.Collect$$libinit$$0000002E  c_w.l(libinit2.o)
    0x0800016c   0x00000000   Code   RO         1011    .ARM.Collect$$libinit$$00000030  c_w.l(libinit2.o)
    0x0800016c   0x00000000   Code   RO         1013    .ARM.Collect$$libinit$$00000032  c_w.l(libinit2.o)
    0x0800016c   0x00000002   Code   RO         1014    .ARM.Collect$$libinit$$00000033  c_w.l(libinit2.o)
    0x0800016e   0x00000002   Code   RO         1044    .ARM.Collect$$libshutdown$$00000000  c_w.l(libshutdown.o)
    0x08000170   0x00000000   Code   RO         1059    .ARM.Collect$$libshutdown$$00000003  c_w.l(libshutdown2.o)
    0x08000170   0x00000000   Code   RO         1062    .ARM.Collect$$libshutdown$$00000006  c_w.l(libshutdown2.o)
    0x08000170   0x00000000   Code   RO         1065    .ARM.Collect$$libshutdown$$00000009  c_w.l(libshutdown2.o)
    0x08000170   0x00000000   Code   RO         1067    .ARM.Collect$$libshutdown$$0000000B  c_w.l(libshutdown2.o)
    0x08000170   0x00000000   Code   RO         1070    .ARM.Collect$$libshutdown$$0000000E  c_w.l(libshutdown2.o)
    0x08000170   0x00000002   Code   RO         1071    .ARM.Collect$$libshutdown$$0000000F  c_w.l(libshutdown2.o)
    0x08000172   0x00000000   Code   RO          837    .ARM.Collect$$rtentry$$00000000  c_w.l(__rtentry.o)
    0x08000172   0x00000000   Code   RO          906    .ARM.Collect$$rtentry$$00000002  c_w.l(__rtentry2.o)
    0x08000172   0x00000006   Code   RO          918    .ARM.Collect$$rtentry$$00000004  c_w.l(__rtentry4.o)
    0x08000178   0x00000000   Code   RO          908    .ARM.Collect$$rtentry$$00000009  c_w.l(__rtentry2.o)
    0x08000178   0x00000004   Code   RO          909    .ARM.Collect$$rtentry$$0000000A  c_w.l(__rtentry2.o)
    0x0800017c   0x00000000   Code   RO          911    .ARM.Collect$$rtentry$$0000000C  c_w.l(__rtentry2.o)
    0x0800017c   0x00000008   Code   RO          912    .ARM.Collect$$rtentry$$0000000D  c_w.l(__rtentry2.o)
    0x08000184   0x00000002   Code   RO          964    .ARM.Collect$$rtexit$$00000000  c_w.l(rtexit.o)
    0x08000186   0x00000000   Code   RO         1018    .ARM.Collect$$rtexit$$00000002  c_w.l(rtexit2.o)
    0x08000186   0x00000004   Code   RO         1019    .ARM.Collect$$rtexit$$00000003  c_w.l(rtexit2.o)
    0x0800018a   0x00000006   Code   RO         1020    .ARM.Collect$$rtexit$$00000004  c_w.l(rtexit2.o)
    0x08000190   0x000000f4   Code   RO            1    .text               main.o
    0x08000284   0x00000018   Code   RO           97    .text               stm32f10x_it.o
    0x0800029c   0x000001e0   Code   RO          112    .text               system_stm32f10x.o
    0x0800047c   0x00000038   Code   RO          130    .text               led.o
    0x080004b4   0x0000019c   Code   RO          162    .text               timer.o
    0x08000650   0x000000e8   Code   RO          183    .text               adc.o
    0x08000738   0x000003bc   Code   RO          195    .text               i2c.o
    0x08000af4   0x000002bc   Code   RO          225    .text               mpu6050.o
    0x08000db0   0x00000880   Code   RO          258    .text               finger.o
    0x08001630   0x00000040   Code   RO          292    .text               startup_stm32f10x_md.o
    0x08001670   0x000000dc   Code   RO          296    .text               misc.o
    0x0800174c   0x0000035c   Code   RO          308    .text               stm32f10x_gpio.o
    0x08001aa8   0x000003a4   Code   RO          320    .text               stm32f10x_rcc.o
    0x08001e4c   0x00000408   Code   RO          334    .text               stm32f10x_usart.o
    0x08002254   0x0000044e   Code   RO          346    .text               stm32f10x_adc.o
    0x080026a2   0x00000002   PAD
    0x080026a4   0x00000e1a   Code   RO          592    .text               stm32f10x_tim.o
    0x080034be   0x00000002   PAD
    0x080034c0   0x000000f4   Code   RO          619    .text               delay.o
    0x080035b4   0x0000000c   Code   RO          633    .text               sys.o
    0x080035c0   0x000002a0   Code   RO          645    .text               usart.o
    0x08003860   0x00001e38   Code   RO          668    .text               inv_mpu.o
    0x08005698   0x00000e74   Code   RO          700    .text               inv_mpu_dmp_motion_driver.o
    0x0800650c   0x00000002   Code   RO          723    .text               c_w.l(use_no_semi_2.o)
    0x0800650e   0x00000048   Code   RO          725    .text               c_w.l(llsdiv.o)
    0x08006556   0x00000002   PAD
    0x08006558   0x00000018   Code   RO          729    .text               c_w.l(noretval__2printf.o)
    0x08006570   0x00000068   Code   RO          731    .text               c_w.l(__printf.o)
    0x080065d8   0x00000078   Code   RO          733    .text               c_w.l(_printf_dec.o)
    0x08006650   0x00000058   Code   RO          757    .text               c_w.l(memcmp.o)
    0x080066a8   0x00000010   Code   RO          759    .text               c_w.l(aeabi_memset.o)
    0x080066b8   0x00000006   Code   RO          761    .text               c_w.l(heapauxi.o)
    0x080066be   0x00000002   Code   RO          835    .text               c_w.l(use_no_semi.o)
    0x080066c0   0x000000ee   Code   RO          838    .text               c_w.l(lludivv7m.o)
    0x080067ae   0x00000016   Code   RO          840    .text               c_w.l(_rserrno.o)
    0x080067c4   0x000000b2   Code   RO          842    .text               c_w.l(_printf_intcommon.o)
    0x08006876   0x00000002   PAD
    0x08006878   0x00000024   Code   RO          844    .text               c_w.l(_printf_char_file.o)
    0x0800689c   0x00000044   Code   RO          847    .text               c_w.l(rt_memclr.o)
    0x080068e0   0x00000008   Code   RO          927    .text               c_w.l(rt_errno_addr_intlibspace.o)
    0x080068e8   0x00000030   Code   RO          929    .text               c_w.l(_printf_char_common.o)
    0x08006918   0x00000008   Code   RO          931    .text               c_w.l(ferror.o)
    0x08006920   0x0000004e   Code   RO          935    .text               c_w.l(rt_memclr_w.o)
    0x0800696e   0x00000002   PAD
    0x08006970   0x00000008   Code   RO          943    .text               c_w.l(libspace.o)
    0x08006978   0x0000004a   Code   RO          946    .text               c_w.l(sys_stackheap_outer.o)
    0x080069c2   0x0000000c   Code   RO          952    .text               c_w.l(exit.o)
    0x080069ce   0x00000028   Code   RO          892    i.__ARM_fpclassify  m_ws.l(fpclassify.o)
    0x080069f6   0x000000aa   Code   RO          894    i.__kernel_poly     m_ws.l(poly.o)
    0x08006aa0   0x00000006   Code   RO          879    i.__mathlib_dbl_infnan  m_ws.l(dunder.o)
    0x08006aa6   0x00000004   Code   RO          880    i.__mathlib_dbl_infnan2  m_ws.l(dunder.o)
    0x08006aaa   0x0000000c   Code   RO          881    i.__mathlib_dbl_invalid  m_ws.l(dunder.o)
    0x08006ab6   0x00000002   PAD
    0x08006ab8   0x00000010   Code   RO          884    i.__mathlib_dbl_underflow  m_ws.l(dunder.o)
    0x08006ac8   0x00000270   Code   RO          818    i.asin              m_ws.l(asin.o)
    0x08006d38   0x00000220   Code   RO          869    i.atan              m_ws.l(atan.o)
    0x08006f58   0x00000180   Code   RO          828    i.atan2             m_ws.l(atan2.o)
    0x080070d8   0x0000004c   Code   RO          898    i.sqrt              m_ws.l(sqrt.o)
    0x08007124   0x00000062   Code   RO          765    x$fpl$d2f           fz_ws.l(d2f.o)
    0x08007186   0x00000002   PAD
    0x08007188   0x00000150   Code   RO          849    x$fpl$dadd          fz_ws.l(daddsub_clz.o)
    0x080072d8   0x00000010   Code   RO          937    x$fpl$dcheck1       fz_ws.l(dcheck1.o)
    0x080072e8   0x000002b0   Code   RO          768    x$fpl$ddiv          fz_ws.l(ddiv.o)
    0x08007598   0x0000005a   Code   RO          771    x$fpl$dfixu         fz_ws.l(dfixu.o)
    0x080075f2   0x0000002e   Code   RO          776    x$fpl$dflt          fz_ws.l(dflt_clz.o)
    0x08007620   0x00000154   Code   RO          781    x$fpl$dmul          fz_ws.l(dmul.o)
    0x08007774   0x0000009c   Code   RO          855    x$fpl$dnaninf       fz_ws.l(dnaninf.o)
    0x08007810   0x0000000c   Code   RO          857    x$fpl$dretinf       fz_ws.l(dretinf.o)
    0x0800781c   0x00000016   Code   RO          850    x$fpl$drsb          fz_ws.l(daddsub_clz.o)
    0x08007832   0x00000002   PAD
    0x08007834   0x000001cc   Code   RO          941    x$fpl$dsqrt         fz_ws.l(dsqrt_noumaal.o)
    0x08007a00   0x000001d4   Code   RO          851    x$fpl$dsub          fz_ws.l(daddsub_clz.o)
    0x08007bd4   0x00000056   Code   RO          783    x$fpl$f2d           fz_ws.l(f2d.o)
    0x08007c2a   0x00000002   PAD
    0x08007c2c   0x000000c4   Code   RO          785    x$fpl$fadd          fz_ws.l(faddsub_clz.o)
    0x08007cf0   0x00000018   Code   RO          859    x$fpl$fcmpinf       fz_ws.l(fcmpi.o)
    0x08007d08   0x00000184   Code   RO          792    x$fpl$fdiv          fz_ws.l(fdiv.o)
    0x08007e8c   0x00000068   Code   RO          795    x$fpl$feqf          fz_ws.l(feqf.o)
    0x08007ef4   0x00000036   Code   RO          797    x$fpl$ffix          fz_ws.l(ffix.o)
    0x08007f2a   0x00000002   PAD
    0x08007f2c   0x0000003e   Code   RO          801    x$fpl$ffixu         fz_ws.l(ffixu.o)
    0x08007f6a   0x00000002   PAD
    0x08007f6c   0x00000030   Code   RO          806    x$fpl$fflt          fz_ws.l(fflt_clz.o)
    0x08007f9c   0x00000026   Code   RO          805    x$fpl$ffltu         fz_ws.l(fflt_clz.o)
    0x08007fc2   0x00000002   PAD
    0x08007fc4   0x00000068   Code   RO          811    x$fpl$fleqf         fz_ws.l(fleqf.o)
    0x0800802c   0x00000102   Code   RO          813    x$fpl$fmul          fz_ws.l(fmul.o)
    0x0800812e   0x0000008c   Code   RO          861    x$fpl$fnaninf       fz_ws.l(fnaninf.o)
    0x080081ba   0x0000000a   Code   RO          863    x$fpl$fretinf       fz_ws.l(fretinf.o)
    0x080081c4   0x00000062   Code   RO          815    x$fpl$frleqf        fz_ws.l(frleqf.o)
    0x08008226   0x00000002   PAD
    0x08008228   0x000000ea   Code   RO          787    x$fpl$fsub          fz_ws.l(faddsub_clz.o)
    0x08008312   0x00000064   Code   RO          962    x$fpl$retnan        fz_ws.l(retnan.o)
    0x08008376   0x0000005c   Code   RO          865    x$fpl$scalbn        fz_ws.l(scalbn.o)
    0x080083d2   0x00000030   Code   RO         1015    x$fpl$trapveneer    fz_ws.l(trapv.o)
    0x08008402   0x00000000   Code   RO          867    x$fpl$usenofp       fz_ws.l(usenofp.o)
    0x08008402   0x00000002   PAD
    0x08008404   0x00000050   Data   RO          669    .constdata          inv_mpu.o
    0x08008454   0x00000bf6   Data   RO          702    .constdata          inv_mpu_dmp_motion_driver.o
    0x0800904a   0x00000006   PAD
    0x08009050   0x00000050   Data   RO          819    .constdata          m_ws.l(asin.o)
    0x080090a0   0x00000098   Data   RO          870    .constdata          m_ws.l(atan.o)
    0x08009138   0x00000008   Data   RO          896    .constdata          m_ws.l(qnan.o)
    0x08009140   0x00000020   Data   RO         1089    Region$$Table       anon$$obj.o


    Execution Region RW_IRAM1 (Base: 0x20000000, Size: 0x00000938, Max: 0x00005000, ABSOLUTE)

    Base Addr    Size         Type   Attr      Idx    E Section Name        Object

    0x20000000   0x00000020   Data   RW            3    .data               main.o
    0x20000020   0x00000014   Data   RW          113    .data               system_stm32f10x.o
    0x20000034   0x0000003b   Data   RW          227    .data               mpu6050.o
    0x2000006f   0x00000001   PAD
    0x20000070   0x00000004   Data   RW          260    .data               finger.o
    0x20000074   0x00000014   Data   RW          321    .data               stm32f10x_rcc.o
    0x20000088   0x00000004   Data   RW          620    .data               delay.o
    0x2000008c   0x00000008   Data   RW          647    .data               usart.o
    0x20000094   0x0000002c   Data   RW          670    .data               inv_mpu.o
    0x200000c0   0x00000014   Zero   RW            2    .bss                main.o
    0x200000d4   0x00000010   Zero   RW          226    .bss                mpu6050.o
    0x200000e4   0x00000054   Zero   RW          259    .bss                finger.o
    0x20000138   0x00000190   Zero   RW          646    .bss                usart.o
    0x200002c8   0x00000010   Zero   RW          701    .bss                inv_mpu_dmp_motion_driver.o
    0x200002d8   0x00000060   Zero   RW          944    .bss                c_w.l(libspace.o)
    0x20000338   0x00000200   Zero   RW          290    HEAP                startup_stm32f10x_md.o
    0x20000538   0x00000400   Zero   RW          289    STACK               startup_stm32f10x_md.o


==============================================================================

Image component sizes


      Code (inc. data)   RO Data    RW Data    ZI Data      Debug   Object Name

       232          8          0          0          0       1039   adc.o
         0          0          0          0          0         32   core_cm3.o
       244         16          0          4          0       1304   delay.o
      2176        144          0          4         84       3385   finger.o
       956          6          0          0          0       4134   i2c.o
      7736         98         80         44          0      20702   inv_mpu.o
      3700        124       3062          0         16      15810   inv_mpu_dmp_motion_driver.o
        56          6          0          0          0     212790   led.o
       244         30          0         32         20      49423   main.o
       220         22          0          0          0       1733   misc.o
       700         60          0         59         16       1823   mpu6050.o
        64         26        236          0       1536        776   startup_stm32f10x_md.o
      1102         26          0          0          0      10765   stm32f10x_adc.o
       860         38          0          0          0       5577   stm32f10x_gpio.o
        24          0          0          0          0       1066   stm32f10x_it.o
       932         36          0         20          0       8716   stm32f10x_rcc.o
      3610         88          0          0          0      22060   stm32f10x_tim.o
      1032         22          0          0          0       8300   stm32f10x_usart.o
        12          0          0          0          0        425   sys.o
       480         38          0         20          0       1667   system_stm32f10x.o
       412         48          0          0          0       1182   timer.o
       672         34          0          8        400       4166   usart.o

    ----------------------------------------------------------------------
     25468        870       3416        192       2072     376875   Object Totals
         0          0         32          0          0          0   (incl. Generated)
         4          0          6          1          0          0   (incl. Padding)

    ----------------------------------------------------------------------

      Code (inc. data)   RO Data    RW Data    ZI Data      Debug   Library Member Name

         8          0          0          0          0         68   __main.o
       104          0          0          0          0         84   __printf.o
         0          0          0          0          0          0   __rtentry.o
        12          0          0          0          0          0   __rtentry2.o
         6          0          0          0          0          0   __rtentry4.o
        52          8          0          0          0          0   __scatter.o
        26          0          0          0          0          0   __scatter_copy.o
        28          0          0          0          0          0   __scatter_zi.o
        48          6          0          0          0         96   _printf_char_common.o
        36          4          0          0          0         80   _printf_char_file.o
         6          0          0          0          0          0   _printf_d.o
       120         16          0          0          0         92   _printf_dec.o
       178          0          0          0          0         88   _printf_intcommon.o
         0          0          0          0          0          0   _printf_percent.o
         4          0          0          0          0          0   _printf_percent_end.o
        22          0          0          0          0        100   _rserrno.o
        16          0          0          0          0         68   aeabi_memset.o
        12          0          0          0          0         72   exit.o
         8          0          0          0          0         68   ferror.o
         6          0          0          0          0        152   heapauxi.o
         2          0          0          0          0          0   libinit.o
         2          0          0          0          0          0   libinit2.o
         2          0          0          0          0          0   libshutdown.o
         2          0          0          0          0          0   libshutdown2.o
         8          4          0          0         96         68   libspace.o
        72          0          0          0          0         76   llsdiv.o
       238          0          0          0          0        100   lludivv7m.o
        88          0          0          0          0         76   memcmp.o
        24          4          0          0          0         84   noretval__2printf.o
         8          4          0          0          0         68   rt_errno_addr_intlibspace.o
        68          0          0          0          0         68   rt_memclr.o
        78          0          0          0          0         80   rt_memclr_w.o
         2          0          0          0          0          0   rtexit.o
        10          0          0          0          0          0   rtexit2.o
        74          0          0          0          0         80   sys_stackheap_outer.o
         2          0          0          0          0         68   use_no_semi.o
         2          0          0          0          0         68   use_no_semi_2.o
        98          4          0          0          0         92   d2f.o
       826         16          0          0          0        348   daddsub_clz.o
        16          4          0          0          0         68   dcheck1.o
       688        140          0          0          0        208   ddiv.o
        90          4          0          0          0         92   dfixu.o
        46          0          0          0          0         68   dflt_clz.o
       340         12          0          0          0        104   dmul.o
       156          4          0          0          0         92   dnaninf.o
        12          0          0          0          0         68   dretinf.o
       460         56          0          0          0        120   dsqrt_noumaal.o
        86          4          0          0          0         84   f2d.o
       430          8          0          0          0        168   faddsub_clz.o
        24          0          0          0          0         68   fcmpi.o
       388         76          0          0          0         96   fdiv.o
       104          4          0          0          0         84   feqf.o
        54          4          0          0          0         84   ffix.o
        62          4          0          0          0         84   ffixu.o
        86          0          0          0          0        136   fflt_clz.o
       104          4          0          0          0         84   fleqf.o
       258          4          0          0          0         84   fmul.o
       140          4          0          0          0         84   fnaninf.o
        10          0          0          0          0         68   fretinf.o
        98          0          0          0          0         68   frleqf.o
       100          0          0          0          0         68   retnan.o
        92          0          0          0          0         68   scalbn.o
        48          0          0          0          0         68   trapv.o
         0          0          0          0          0          0   usenofp.o
       624         52         80          0          0        168   asin.o
       544         70        152          0          0        124   atan.o
       384         38          0          0          0        144   atan2.o
        38          6          0          0          0        272   dunder.o
        40          0          0          0          0         68   fpclassify.o
       170          0          0          0          0         96   poly.o
         0          0          8          0          0          0   qnan.o
        76          0          0          0          0         84   sqrt.o

    ----------------------------------------------------------------------
      8092        564        240          0         96       5416   Library Totals
        26          0          0          0          0          0   (incl. Padding)

    ----------------------------------------------------------------------

      Code (inc. data)   RO Data    RW Data    ZI Data      Debug   Library Name

      1374         46          0          0         96       1804   c_w.l
      4816        352          0          0          0       2656   fz_ws.l
      1876        166        240          0          0        956   m_ws.l

    ----------------------------------------------------------------------
      8092        564        240          0         96       5416   Library Totals

    ----------------------------------------------------------------------

==============================================================================


      Code (inc. data)   RO Data    RW Data    ZI Data      Debug   

     33560       1434       3656        192       2168     377451   Grand Totals
     33560       1434       3656        192       2168     377451   ELF Image Totals
     33560       1434       3656        192          0          0   ROM Totals

==============================================================================

    Total RO  Size (Code + RO Data)                37216 (  36.34kB)
    Total RW  Size (RW Data + ZI Data)              2360 (   2.30kB)
    Total ROM Size (Code + RO Data + RW Data)      37408 (  36.53kB)

==============================================================================

